Archive member included to satisfy reference by file (symbol)

Middlewares/ST/TouchGFX/touchgfx/lib/core/cortex_m7/gcc\libtouchgfx.a(AbstractPartition.o)
                              TouchGFX/build/ST/STM32F769I-DISCO/TouchGFX/target/BoardConfiguration.o (touchgfx::AbstractPartition::getAllocationCount() const)
Middlewares/ST/TouchGFX/touchgfx/lib/core/cortex_m7/gcc\libtouchgfx.a(Container.o)
                              TouchGFX/build/ST/STM32F769I-DISCO/TouchGFX/generated/gui_generated/src/screen1_screen/Screen1ViewBase.o (touchgfx::Container::add(touchgfx::Drawable&))
Middlewares/ST/TouchGFX/touchgfx/lib/core/cortex_m7/gcc\libtouchgfx.a(HAL.o)
                              TouchGFX/build/ST/STM32F769I-DISCO/TouchGFX/target/STM32F7HAL_DSI.o (touchgfx::HAL::drawDrawableInDynamicBitmap(touchgfx::Drawable&, unsigned short))
Middlewares/ST/TouchGFX/touchgfx/lib/core/cortex_m7/gcc\libtouchgfx.a(DMA.o)
                              TouchGFX/build/ST/STM32F769I-DISCO/TouchGFX/target/STM32F7DMA.o (touchgfx::DMA_Interface::seedExecution())
Middlewares/ST/TouchGFX/touchgfx/lib/core/cortex_m7/gcc\libtouchgfx.a(TextArea.o)
                              TouchGFX/build/ST/STM32F769I-DISCO/TouchGFX/gui/src/screen1_screen/Screen1View.o (touchgfx::TextArea::resizeToCurrentText())
Middlewares/ST/TouchGFX/touchgfx/lib/core/cortex_m7/gcc\libtouchgfx.a(Button.o)
                              TouchGFX/build/ST/STM32F769I-DISCO/TouchGFX/generated/gui_generated/src/screen1_screen/Screen1ViewBase.o (touchgfx::Button::setBitmaps(touchgfx::Bitmap const&, touchgfx::Bitmap const&))
Middlewares/ST/TouchGFX/touchgfx/lib/core/cortex_m7/gcc\libtouchgfx.a(TextAreaWithWildcard.o)
                              TouchGFX/build/ST/STM32F769I-DISCO/TouchGFX/generated/gui_generated/src/screen1_screen/Screen1ViewBase.o (touchgfx::TextAreaWithWildcardBase::calculateTextHeight(unsigned short const*, ...) const)
Middlewares/ST/TouchGFX/touchgfx/lib/core/cortex_m7/gcc\libtouchgfx.a(Image.o)
                              TouchGFX/build/ST/STM32F769I-DISCO/TouchGFX/generated/gui_generated/src/screen1_screen/Screen1ViewBase.o (touchgfx::Image::setBitmap(touchgfx::Bitmap const&))
Middlewares/ST/TouchGFX/touchgfx/lib/core/cortex_m7/gcc\libtouchgfx.a(LCD.o)
                              TouchGFX/build/ST/STM32F769I-DISCO/TouchGFX/generated/gui_generated/src/screen1_screen/Screen1ViewBase.o (touchgfx::LCD::drawString(touchgfx::Rect, touchgfx::Rect const&, touchgfx::LCD::StringVisuals const&, unsigned short const*, ...))
Middlewares/ST/TouchGFX/touchgfx/lib/core/cortex_m7/gcc\libtouchgfx.a(TouchCalibration.o)
                              Middlewares/ST/TouchGFX/touchgfx/lib/core/cortex_m7/gcc\libtouchgfx.a(HAL.o) (touchgfx::TouchCalibration::translatePoint(touchgfx::Point&))
Middlewares/ST/TouchGFX/touchgfx/lib/core/cortex_m7/gcc\libtouchgfx.a(DisplayTransformation.o)
                              Middlewares/ST/TouchGFX/touchgfx/lib/core/cortex_m7/gcc\libtouchgfx.a(HAL.o) (touchgfx::DisplayTransformation::transformFrameBufferToDisplay(short&, short&))
Middlewares/ST/TouchGFX/touchgfx/lib/core/cortex_m7/gcc\libtouchgfx.a(Application.o)
                              TouchGFX/build/ST/STM32F769I-DISCO/TouchGFX/gui/src/common/FrontendApplication.o (touchgfx::Application::handleClickEvent(touchgfx::ClickEvent const&))
Middlewares/ST/TouchGFX/touchgfx/lib/core/cortex_m7/gcc\libtouchgfx.a(TypedText.o)
                              TouchGFX/build/ST/STM32F769I-DISCO/TouchGFX/generated/gui_generated/src/screen1_screen/Screen1ViewBase.o (touchgfx::TypedText::numberOfTypedTexts)
Middlewares/ST/TouchGFX/touchgfx/lib/core/cortex_m7/gcc\libtouchgfx.a(Font.o)
                              TouchGFX/build/ST/STM32F769I-DISCO/TouchGFX/generated/fonts/src/GeneratedFont.o (touchgfx::Font::getCharWidth(unsigned short) const)
Middlewares/ST/TouchGFX/touchgfx/lib/core/cortex_m7/gcc\libtouchgfx.a(Drawable.o)
                              TouchGFX/build/ST/STM32F769I-DISCO/TouchGFX/gui/src/screen1_screen/Screen1View.o (touchgfx::Drawable::invalidate() const)
Middlewares/ST/TouchGFX/touchgfx/lib/core/cortex_m7/gcc\libtouchgfx.a(ConstFont.o)
                              TouchGFX/build/ST/STM32F769I-DISCO/TouchGFX/generated/fonts/src/GeneratedFont.o (touchgfx::ConstFont::ConstFont(touchgfx::GlyphNode const*, unsigned short, unsigned short, unsigned char, unsigned char, unsigned char, unsigned char, unsigned char, unsigned short, unsigned short))
Middlewares/ST/TouchGFX/touchgfx/lib/core/cortex_m7/gcc\libtouchgfx.a(Utils.o)
                              TouchGFX/build/ST/STM32F769I-DISCO/TouchGFX/generated/fonts/src/FontCache.o (touchgfx::memset(void*, unsigned char, unsigned long))
Middlewares/ST/TouchGFX/touchgfx/lib/core/cortex_m7/gcc\libtouchgfx.a(Screen.o)
                              TouchGFX/build/ST/STM32F769I-DISCO/TouchGFX/gui/src/screen1_screen/Screen1View.o (touchgfx::Screen::handleGestureEvent(touchgfx::GestureEvent const&))
[...]
Memory Configuration

Name             Origin             Length             Attributes
FLASH            0x08000000         0x00200000         xr
RAM              0x20000000         0x00080000         xrw
QUADSPI          0x90000000         0x04000000         r
*default*        0x00000000         0xffffffff

Linker script and memory map

LOAD d:/touchgfx/4.12.3/env/mingw/msys/1.0/gnu-arm-gcc/bin/../lib/gcc/arm-none-eabi/6.3.1/thumb/v7e-m/fpv5-sp/softfp/crti.o
LOAD d:/touchgfx/4.12.3/env/mingw/msys/1.0/gnu-arm-gcc/bin/../lib/gcc/arm-none-eabi/6.3.1/thumb/v7e-m/fpv5-sp/softfp/crtbegin.o
LOAD d:/touchgfx/4.12.3/env/mingw/msys/1.0/gnu-arm-gcc/bin/../lib/gcc/arm-none-eabi/6.3.1/../../../../arm-none-eabi/lib/thumb/v7e-m/fpv5-sp/softfp/crt0.o
LOAD TouchGFX/build/ST/STM32F769I-DISCO/TouchGFX/gui/src/screen1_screen/Screen1Presenter.o
LOAD TouchGFX/build/ST/STM32F769I-DISCO/TouchGFX/gui/src/screen1_screen/Screen1View.o
LOAD TouchGFX/build/ST/STM32F769I-DISCO/TouchGFX/gui/src/model/Model.o
LOAD TouchGFX/build/ST/STM32F769I-DISCO/TouchGFX/gui/src/common/FrontendApplication.o
LOAD TouchGFX/build/ST/STM32F769I-DISCO/TouchGFX/generated/gui_generated/src/screen1_screen/Screen1ViewBase.o
LOAD TouchGFX/build/ST/STM32F769I-DISCO/TouchGFX/generated/gui_generated/src/common/FrontendApplicationBase.o
LOAD TouchGFX/build/ST/STM32F769I-DISCO/TouchGFX/generated/fonts/src/Font_verdana_40_4bpp_0.o
LOAD TouchGFX/build/ST/STM32F769I-DISCO/TouchGFX/generated/fonts/src/Font_verdana_20_4bpp_0.o
LOAD TouchGFX/build/ST/STM32F769I-DISCO/TouchGFX/generated/fonts/src/GeneratedFont.o
LOAD TouchGFX/build/ST/STM32F769I-DISCO/TouchGFX/generated/fonts/src/Kerning_verdana_40_4bpp.o
LOAD TouchGFX/build/ST/STM32F769I-DISCO/TouchGFX/generated/fonts/src/Table_verdana_10_4bpp.o
LOAD TouchGFX/build/ST/STM32F769I-DISCO/TouchGFX/generated/fonts/src/Kerning_verdana_10_4bpp.o
LOAD TouchGFX/build/ST/STM32F769I-DISCO/TouchGFX/generated/fonts/src/Kerning_verdana_20_4bpp.o
LOAD TouchGFX/build/ST/STM32F769I-DISCO/TouchGFX/generated/fonts/src/FontCache.o
LOAD TouchGFX/build/ST/STM32F769I-DISCO/TouchGFX/generated/fonts/src/Font_verdana_10_4bpp_0.o
LOAD TouchGFX/build/ST/STM32F769I-DISCO/TouchGFX/generated/fonts/src/Table_verdana_40_4bpp.o
LOAD TouchGFX/build/ST/STM32F769I-DISCO/TouchGFX/generated/fonts/src/CachedFont.o
LOAD TouchGFX/build/ST/STM32F769I-DISCO/TouchGFX/generated/fonts/src/Table_verdana_20_4bpp.o
LOAD TouchGFX/build/ST/STM32F769I-DISCO/TouchGFX/generated/fonts/src/ApplicationFontProvider.o
LOAD TouchGFX/build/ST/STM32F769I-DISCO/TouchGFX/generated/images/src/__designer/blue_buttons_round_edge_small.o
LOAD TouchGFX/build/ST/STM32F769I-DISCO/TouchGFX/generated/images/src/__designer/blue_buttons_round_edge_small_pressed.o
LOAD TouchGFX/build/ST/STM32F769I-DISCO/TouchGFX/generated/images/src/realbackground.o
LOAD TouchGFX/build/ST/STM32F769I-DISCO/TouchGFX/generated/images/src/BitmapDatabase.o
LOAD TouchGFX/build/ST/STM32F769I-DISCO/TouchGFX/generated/texts/src/LanguageGb.o
LOAD TouchGFX/build/ST/STM32F769I-DISCO/TouchGFX/generated/texts/src/TypedTextDatabase.o
LOAD TouchGFX/build/ST/STM32F769I-DISCO/TouchGFX/generated/texts/src/Texts.o
LOAD TouchGFX/build/ST/STM32F769I-DISCO/touchgfx/os/OSWrappers.o
LOAD TouchGFX/build/ST/STM32F769I-DISCO/Core/Src/main.o
LOAD TouchGFX/build/ST/STM32F769I-DISCO/TouchGFX/target/STM32F7Instrumentation.o
LOAD TouchGFX/build/ST/STM32F769I-DISCO/TouchGFX/target/OTM8009TouchController.o
LOAD TouchGFX/build/ST/STM32F769I-DISCO/TouchGFX/target/STM32F7DMA.o
LOAD TouchGFX/build/ST/STM32F769I-DISCO/TouchGFX/target/STM32F7HAL_DSI.o
LOAD TouchGFX/build/ST/STM32F769I-DISCO/TouchGFX/target/GPIO.o
LOAD TouchGFX/build/ST/STM32F769I-DISCO/TouchGFX/target/HW_Init.o
LOAD TouchGFX/build/ST/STM32F769I-DISCO/TouchGFX/target/BoardConfiguration.o
LOAD TouchGFX/build/ST/STM32F769I-DISCO/Middlewares/Third_Party/FreeRTOS/Source/croutine.o
LOAD TouchGFX/build/ST/STM32F769I-DISCO/Middlewares/Third_Party/FreeRTOS/Source/list.o
LOAD TouchGFX/build/ST/STM32F769I-DISCO/Middlewares/Third_Party/FreeRTOS/Source/queue.o
LOAD TouchGFX/build/ST/STM32F769I-DISCO/Middlewares/Third_Party/FreeRTOS/Source/tasks.o
LOAD TouchGFX/build/ST/STM32F769I-DISCO/Middlewares/Third_Party/FreeRTOS/Source/timers.o
LOAD TouchGFX/build/ST/STM32F769I-DISCO/Middlewares/Third_Party/FreeRTOS/Source/portable/MemMang/heap_2.o
LOAD TouchGFX/build/ST/STM32F769I-DISCO/Middlewares/Third_Party/FreeRTOS/Source/portable/GCC/ARM_CM7/r0p1/port.o
LOAD TouchGFX/build/ST/STM32F769I-DISCO/Drivers/BSP/STM32F769I-Discovery/stm32f769i_discovery.o
LOAD TouchGFX/build/ST/STM32F769I-DISCO/Drivers/BSP/STM32F769I-Discovery/stm32f769i_discovery_sdram.o
LOAD TouchGFX/build/ST/STM32F769I-DISCO/Drivers/BSP/STM32F769I-Discovery/stm32f769i_discovery_ts.o
LOAD TouchGFX/build/ST/STM32F769I-DISCO/Drivers/BSP/STM32F769I-Discovery/stm32f769i_discovery_qspi.o
LOAD TouchGFX/build/ST/STM32F769I-DISCO/Drivers/BSP/Components/otm8009a/otm8009a.o
LOAD TouchGFX/build/ST/STM32F769I-DISCO/Drivers/BSP/Components/ft6x06/ft6x06.o
LOAD TouchGFX/build/ST/STM32F769I-DISCO/Drivers/STM32F7xx_HAL_Driver/Src/stm32f7xx_hal.o
LOAD TouchGFX/build/ST/STM32F769I-DISCO/Drivers/STM32F7xx_HAL_Driver/Src/stm32f7xx_hal_cortex.o
LOAD TouchGFX/build/ST/STM32F769I-DISCO/Drivers/STM32F7xx_HAL_Driver/Src/stm32f7xx_hal_dma.o
LOAD TouchGFX/build/ST/STM32F769I-DISCO/Drivers/STM32F7xx_HAL_Driver/Src/stm32f7xx_hal_dma2d.o
LOAD TouchGFX/build/ST/STM32F769I-DISCO/Drivers/STM32F7xx_HAL_Driver/Src/stm32f7xx_hal_dma_ex.o
LOAD TouchGFX/build/ST/STM32F769I-DISCO/Drivers/STM32F7xx_HAL_Driver/Src/stm32f7xx_hal_gpio.o
LOAD TouchGFX/build/ST/STM32F769I-DISCO/Drivers/STM32F7xx_HAL_Driver/Src/stm32f7xx_hal_i2c.o
LOAD TouchGFX/build/ST/STM32F769I-DISCO/Drivers/STM32F7xx_HAL_Driver/Src/stm32f7xx_hal_i2c_ex.o
LOAD TouchGFX/build/ST/STM32F769I-DISCO/Drivers/STM32F7xx_HAL_Driver/Src/stm32f7xx_hal_ltdc.o
LOAD TouchGFX/build/ST/STM32F769I-DISCO/Drivers/STM32F7xx_HAL_Driver/Src/stm32f7xx_hal_nor.o
LOAD TouchGFX/build/ST/STM32F769I-DISCO/Drivers/STM32F7xx_HAL_Driver/Src/stm32f7xx_hal_pwr_ex.o
LOAD TouchGFX/build/ST/STM32F769I-DISCO/Drivers/STM32F7xx_HAL_Driver/Src/stm32f7xx_hal_rcc.o
LOAD TouchGFX/build/ST/STM32F769I-DISCO/Drivers/STM32F7xx_HAL_Driver/Src/stm32f7xx_hal_rcc_ex.o
LOAD TouchGFX/build/ST/STM32F769I-DISCO/Drivers/STM32F7xx_HAL_Driver/Src/stm32f7xx_hal_sdram.o
LOAD TouchGFX/build/ST/STM32F769I-DISCO/Drivers/STM32F7xx_HAL_Driver/Src/stm32f7xx_hal_sd.o
LOAD TouchGFX/build/ST/STM32F769I-DISCO/Drivers/STM32F7xx_HAL_Driver/Src/stm32f7xx_hal_tim.o
LOAD TouchGFX/build/ST/STM32F769I-DISCO/Drivers/STM32F7xx_HAL_Driver/Src/stm32f7xx_hal_tim_ex.o
LOAD TouchGFX/build/ST/STM32F769I-DISCO/Drivers/STM32F7xx_HAL_Driver/Src/stm32f7xx_hal_qspi.o
LOAD TouchGFX/build/ST/STM32F769I-DISCO/Drivers/STM32F7xx_HAL_Driver/Src/stm32f7xx_hal_pwr.o
LOAD TouchGFX/build/ST/STM32F769I-DISCO/Drivers/STM32F7xx_HAL_Driver/Src/stm32f7xx_hal_crc.o
LOAD TouchGFX/build/ST/STM32F769I-DISCO/Drivers/STM32F7xx_HAL_Driver/Src/stm32f7xx_hal_crc_ex.o
LOAD TouchGFX/build/ST/STM32F769I-DISCO/Drivers/STM32F7xx_HAL_Driver/Src/stm32f7xx_hal_rtc.o
LOAD TouchGFX/build/ST/STM32F769I-DISCO/Drivers/STM32F7xx_HAL_Driver/Src/stm32f7xx_hal_rtc_ex.o
LOAD TouchGFX/build/ST/STM32F769I-DISCO/Drivers/STM32F7xx_HAL_Driver/Src/stm32f7xx_hal_uart.o
LOAD TouchGFX/build/ST/STM32F769I-DISCO/Drivers/STM32F7xx_HAL_Driver/Src/stm32f7xx_ll_fmc.o
LOAD TouchGFX/build/ST/STM32F769I-DISCO/Drivers/STM32F7xx_HAL_Driver/Src/stm32f7xx_ll_sdmmc.o
LOAD TouchGFX/build/ST/STM32F769I-DISCO/Drivers/STM32F7xx_HAL_Driver/Src/stm32f7xx_hal_dsi.o
LOAD TouchGFX/build/ST/STM32F769I-DISCO/Drivers/STM32F7xx_HAL_Driver/Src/stm32f7xx_hal_spi.o
LOAD TouchGFX/build/ST/STM32F769I-DISCO/Core/Src/system_stm32f7xx.o
LOAD TouchGFX/build/ST/STM32F769I-DISCO/Core/Src/freertos.o
LOAD TouchGFX/build/ST/STM32F769I-DISCO/Core/Src/stm32f7xx_hal_msp.o
LOAD TouchGFX/build/ST/STM32F769I-DISCO/Core/Src/stm32f7xx_hal_timebase_tim.o
LOAD TouchGFX/build/ST/STM32F769I-DISCO/Core/Src/stm32f7xx_it.o
LOAD TouchGFX/build/ST/STM32F769I-DISCO/Middlewares/Third_Party/FreeRTOS/Source/CMSIS_RTOS/cmsis_os.o
LOAD TouchGFX/build/ST/STM32F769I-DISCO/Drivers/CMSIS/Device/ST/STM32F7xx/Source/Templates/gcc/startup_stm32f769xx.o
START GROUP
LOAD Middlewares/ST/TouchGFX/touchgfx/lib/core/cortex_m7/gcc\libtouchgfx.a
END GROUP
LOAD d:/touchgfx/4.12.3/env/mingw/msys/1.0/gnu-arm-gcc/bin/../lib/gcc/arm-none-eabi/6.3.1/../../../../arm-none-eabi/lib/thumb/v7e-m/fpv5-sp/softfp\libstdc++.a
LOAD d:/touchgfx/4.12.3/env/mingw/msys/1.0/gnu-arm-gcc/bin/../lib/gcc/arm-none-eabi/6.3.1/../../../../arm-none-eabi/lib/thumb/v7e-m/fpv5-sp/softfp\libm.a
START GROUP
LOAD d:/touchgfx/4.12.3/env/mingw/msys/1.0/gnu-arm-gcc/bin/../lib/gcc/arm-none-eabi/6.3.1/thumb/v7e-m/fpv5-sp/softfp\libgcc.a
LOAD d:/touchgfx/4.12.3/env/mingw/msys/1.0/gnu-arm-gcc/bin/../lib/gcc/arm-none-eabi/6.3.1/../../../../arm-none-eabi/lib/thumb/v7e-m/fpv5-sp/softfp\libg.a
LOAD d:/touchgfx/4.12.3/env/mingw/msys/1.0/gnu-arm-gcc/bin/../lib/gcc/arm-none-eabi/6.3.1/../../../../arm-none-eabi/lib/thumb/v7e-m/fpv5-sp/softfp\libc.a
END GROUP
START GROUP
LOAD d:/touchgfx/4.12.3/env/mingw/msys/1.0/gnu-arm-gcc/bin/../lib/gcc/arm-none-eabi/6.3.1/thumb/v7e-m/fpv5-sp/softfp\libgcc.a
LOAD d:/touchgfx/4.12.3/env/mingw/msys/1.0/gnu-arm-gcc/bin/../lib/gcc/arm-none-eabi/6.3.1/../../../../arm-none-eabi/lib/thumb/v7e-m/fpv5-sp/softfp\libc.a
LOAD d:/touchgfx/4.12.3/env/mingw/msys/1.0/gnu-arm-gcc/bin/../lib/gcc/arm-none-eabi/6.3.1/../../../../arm-none-eabi/lib/thumb/v7e-m/fpv5-sp/softfp\libnosys.a
END GROUP
LOAD d:/touchgfx/4.12.3/env/mingw/msys/1.0/gnu-arm-gcc/bin/../lib/gcc/arm-none-eabi/6.3.1/thumb/v7e-m/fpv5-sp/softfp/crtend.o
LOAD d:/touchgfx/4.12.3/env/mingw/msys/1.0/gnu-arm-gcc/bin/../lib/gcc/arm-none-eabi/6.3.1/thumb/v7e-m/fpv5-sp/softfp/crtn.o
                0x20080000                _estack = 0x20080000
                0x00000200                _Min_Heap_Size = 0x200
                0x00000400                _Min_Stack_Size = 0x400

.isr_vector     0x08000000      0x1f8
                0x08000000                . = ALIGN (0x4)
 *(.isr_vector)
 .isr_vector    0x08000000      0x1f8 TouchGFX/build/ST/STM32F769I-DISCO/Drivers/CMSIS/Device/ST/STM32F7xx/Source/Templates/gcc/startup_stm32f769xx.o
                0x08000000                g_pfnVectors
                0x080001f8                . = ALIGN (0x4)

.text           0x08000200    0x1f0b8
                0x08000200                . = ALIGN (0x4)
 *(.text)
 .text          0x08000200       0x6c d:/touchgfx/4.12.3/env/mingw/msys/1.0/gnu-arm-gcc/bin/../lib/gcc/arm-none-eabi/6.3.1/thumb/v7e-m/fpv5-sp/softfp/crtbegin.o
 .text          0x0800026c     0x66a8 d:/touchgfx/4.12.3/env/mingw/msys/1.0/gnu-arm-gcc/bin/../lib/gcc/arm-none-eabi/6.3.1/../../../../arm-none-eabi/lib/thumb/v7e-m/fpv5-sp/softfp\libstdc++.a(cp-demangle.o)
                0x08006838                __cxa_demangle
                0x080068f0                __gcclibcxx_demangle_callback
 .text          0x08006914       0x30 d:/touchgfx/4.12.3/env/mingw/msys/1.0/gnu-arm-gcc/bin/../lib/gcc/arm-none-eabi/6.3.1/thumb/v7e-m/fpv5-sp/softfp\libgcc.a(_aeabi_uldivmod.o)
                0x08006914                __aeabi_uldivmod
 .text          0x08006944      0x2dc d:/touchgfx/4.12.3/env/mingw/msys/1.0/gnu-arm-gcc/bin/../lib/gcc/arm-none-eabi/6.3.1/thumb/v7e-m/fpv5-sp/softfp\libgcc.a(_udivmoddi4.o)
                0x08006944                __udivmoddi4
 .text          0x08006c20      0x9cc d:/touchgfx/4.12.3/env/mingw/msys/1.0/gnu-arm-gcc/bin/../lib/gcc/arm-none-eabi/6.3.1/thumb/v7e-m/fpv5-sp/softfp\libgcc.a(unwind-arm.o)
                0x08006ee0                _Unwind_GetCFA
                0x08006ee4                __gnu_Unwind_RaiseException
                0x08006f44                __gnu_Unwind_ForcedUnwind
                0x08006f58                __gnu_Unwind_Resume
                0x08006f9c                __gnu_Unwind_Resume_or_Rethrow
                0x08006fac                _Unwind_Complete
                0x08006fb0                _Unwind_DeleteException
                0x08006fbc                _Unwind_VRS_Get
                0x08007008                _Unwind_VRS_Set
                0x08007058                __gnu_Unwind_Backtrace
                0x08007398                __aeabi_unwind_cpp_pr0
                0x0800739c                __aeabi_unwind_cpp_pr1
                0x080073a0                __aeabi_unwind_cpp_pr2
                0x080073a4                _Unwind_VRS_Pop
 .text          0x080075ec      0x1ac d:/touchgfx/4.12.3/env/mingw/msys/1.0/gnu-arm-gcc/bin/../lib/gcc/arm-none-eabi/6.3.1/thumb/v7e-m/fpv5-sp/softfp\libgcc.a(libunwind.o)
                0x080075ec                __restore_core_regs
                0x080075ec                restore_core_regs
                0x08007604                __gnu_Unwind_Restore_VFP
                0x0800760c                __gnu_Unwind_Save_VFP
                0x08007614                __gnu_Unwind_Restore_VFP_D
                0x0800761c                __gnu_Unwind_Save_VFP_D
                0x08007624                __gnu_Unwind_Restore_VFP_D_16_to_31
                0x0800762c                __gnu_Unwind_Save_VFP_D_16_to_31
                0x08007634                __gnu_Unwind_Restore_WMMXD
                0x08007678                __gnu_Unwind_Save_WMMXD
                0x080076bc                __gnu_Unwind_Restore_WMMXC
                0x080076d0                __gnu_Unwind_Save_WMMXC
                0x080076e4                ___Unwind_RaiseException
                0x080076e4                _Unwind_RaiseException
                0x08007708                _Unwind_Resume
                0x08007708                ___Unwind_Resume
                0x0800772c                _Unwind_Resume_or_Rethrow
                0x0800772c                ___Unwind_Resume_or_Rethrow
                0x08007750                _Unwind_ForcedUnwind
                0x08007750                ___Unwind_ForcedUnwind
                0x08007774                ___Unwind_Backtrace
                0x08007774                _Unwind_Backtrace
 .text          0x08007798      0x380 d:/touchgfx/4.12.3/env/mingw/msys/1.0/gnu-arm-gcc/bin/../lib/gcc/arm-none-eabi/6.3.1/thumb/v7e-m/fpv5-sp/softfp\libgcc.a(pr-support.o)
                0x080077f0                __gnu_unwind_execute
                0x08007ac0                __gnu_unwind_frame
                0x08007ae8                _Unwind_GetRegionStart
                0x08007af4                _Unwind_GetLanguageSpecificData
                0x08007b08                _Unwind_GetTextRelBase
                0x08007b10                _Unwind_GetDataRelBase
 .text          0x08007b18        0x4 d:/touchgfx/4.12.3/env/mingw/msys/1.0/gnu-arm-gcc/bin/../lib/gcc/arm-none-eabi/6.3.1/thumb/v7e-m/fpv5-sp/softfp\libgcc.a(_dvmd_tls.o)
                0x08007b18                __aeabi_idiv0
                0x08007b18                __aeabi_ldiv0
 *fill*         0x08007b1c        0x4 
 .text          0x08007b20       0xa0 d:/touchgfx/4.12.3/env/mingw/msys/1.0/gnu-arm-gcc/bin/../lib/gcc/arm-none-eabi/6.3.1/../../../../arm-none-eabi/lib/thumb/v7e-m/fpv5-sp/softfp\libg.a(lib_a-memchr.o)
                0x08007b20                memchr
 .text          0x08007bc0      0x134 d:/touchgfx/4.12.3/env/mingw/msys/1.0/gnu-arm-gcc/bin/../lib/gcc/arm-none-eabi/6.3.1/../../../../arm-none-eabi/lib/thumb/v7e-m/fpv5-sp/softfp\libg.a(lib_a-memcpy.o)
                0x08007bc0                memcpy
 *fill*         0x08007cf4        0xc 
 .text          0x08007d00      0x2dc d:/touchgfx/4.12.3/env/mingw/msys/1.0/gnu-arm-gcc/bin/../lib/gcc/arm-none-eabi/6.3.1/../../../../arm-none-eabi/lib/thumb/v7e-m/fpv5-sp/softfp\libg.a(lib_a-strcmp.o)
                0x08007d08                strcmp
 *fill*         0x08007fdc       0x24 
 .text          0x08008000       0xdc d:/touchgfx/4.12.3/env/mingw/msys/1.0/gnu-arm-gcc/bin/../lib/gcc/arm-none-eabi/6.3.1/../../../../arm-none-eabi/lib/thumb/v7e-m/fpv5-sp/softfp\libg.a(lib_a-strlen.o)
                0x08008000                strlen
 .text          0x080080dc      0x370 d:/touchgfx/4.12.3/env/mingw/msys/1.0/gnu-arm-gcc/bin/../lib/gcc/arm-none-eabi/6.3.1/thumb/v7e-m/fpv5-sp/softfp\libgcc.a(_arm_addsubdf3.o)
                0x080080dc                __aeabi_drsub
                0x080080e4                __aeabi_dsub
                0x080080e4                __subdf3
                0x080080e8                __aeabi_dadd
                0x080080e8                __adddf3
                0x08008360                __floatunsidf
                0x08008360                __aeabi_ui2d
                0x08008380                __floatsidf
                0x08008380                __aeabi_i2d
                0x080083a4                __aeabi_f2d
                0x080083a4                __extendsfdf2
                0x080083e0                __floatundidf
                0x080083e0                __aeabi_ul2d
                0x080083f0                __floatdidf
                0x080083f0                __aeabi_l2d
 .text          0x0800844c      0x424 d:/touchgfx/4.12.3/env/mingw/msys/1.0/gnu-arm-gcc/bin/../lib/gcc/arm-none-eabi/6.3.1/thumb/v7e-m/fpv5-sp/softfp\libgcc.a(_arm_muldivdf3.o)
                0x0800844c                __aeabi_dmul
                0x0800844c                __muldf3
                0x080086a0                __divdf3
                0x080086a0                __aeabi_ddiv
 .text          0x08008870      0x110 d:/touchgfx/4.12.3/env/mingw/msys/1.0/gnu-arm-gcc/bin/../lib/gcc/arm-none-eabi/6.3.1/thumb/v7e-m/fpv5-sp/softfp\libgcc.a(_arm_cmpdf2.o)
                0x08008870                __gtdf2
                0x08008870                __gedf2
                0x08008878                __ltdf2
                0x08008878                __ledf2
                0x08008880                __nedf2
                0x08008880                __eqdf2
                0x08008880                __cmpdf2
                0x080088fc                __aeabi_cdrcmple
                0x0800890c                __aeabi_cdcmpeq
                0x0800890c                __aeabi_cdcmple
                0x0800891c                __aeabi_dcmpeq
                0x08008930                __aeabi_dcmplt
                0x08008944                __aeabi_dcmple
                0x08008958                __aeabi_dcmpge
                0x0800896c                __aeabi_dcmpgt
 .text          0x08008980       0x2c d:/touchgfx/4.12.3/env/mingw/msys/1.0/gnu-arm-gcc/bin/../lib/gcc/arm-none-eabi/6.3.1/thumb/v7e-m/fpv5-sp/softfp\libgcc.a(_arm_unorddf2.o)
                0x08008980                __unorddf2
                0x08008980                __aeabi_dcmpun
 .text          0x080089ac       0x50 d:/touchgfx/4.12.3/env/mingw/msys/1.0/gnu-arm-gcc/bin/../lib/gcc/arm-none-eabi/6.3.1/thumb/v7e-m/fpv5-sp/softfp\libgcc.a(_arm_fixdfsi.o)
                0x080089ac                __aeabi_d2iz
                0x080089ac                __fixdfsi
 *(.text*)
 .text._ZN16Screen1PresenterD2Ev
                0x080089fc        0x8 TouchGFX/build/ST/STM32F769I-DISCO/TouchGFX/gui/src/screen1_screen/Screen1Presenter.o
                0x080089fc                Screen1Presenter::~Screen1Presenter()
                0x080089fc                Screen1Presenter::~Screen1Presenter()
                0x080089fe                non-virtual thunk to Screen1Presenter::~Screen1Presenter()
 .text._ZN16Screen1Presenter10deactivateEv
                0x08008a04        0x2 TouchGFX/build/ST/STM32F769I-DISCO/TouchGFX/gui/src/screen1_screen/Screen1Presenter.o
                0x08008a04                Screen1Presenter::deactivate()
                0x08008a04                Screen1Presenter::activate()
 .text._ZN16Screen1PresenterD0Ev
                0x08008a06       0x14 TouchGFX/build/ST/STM32F769I-DISCO/TouchGFX/gui/src/screen1_screen/Screen1Presenter.o
                0x08008a06                Screen1Presenter::~Screen1Presenter()
                0x08008a14                non-virtual thunk to Screen1Presenter::~Screen1Presenter()
 *fill*         0x08008a1a        0x2 
 .text._ZN16Screen1PresenterC2ER11Screen1View
                0x08008a1c       0x1c TouchGFX/build/ST/STM32F769I-DISCO/TouchGFX/gui/src/screen1_screen/Screen1Presenter.o
                0x08008a1c                Screen1Presenter::Screen1Presenter(Screen1View&)
                0x08008a1c                Screen1Presenter::Screen1Presenter(Screen1View&)
 .text._ZN8touchgfx6Screen15afterTransitionEv
                0x08008a38        0x2 TouchGFX/build/ST/STM32F769I-DISCO/TouchGFX/gui/src/screen1_screen/Screen1View.o
                0x08008a38                touchgfx::Screen::afterTransition()
 .text._ZN8touchgfx6Screen15handleTickEventEv
                0x08008a3a        0x2 TouchGFX/build/ST/STM32F769I-DISCO/TouchGFX/gui/src/screen1_screen/Screen1View.o
                0x08008a3a                touchgfx::Screen::handleTickEvent()
 .text._ZN8touchgfx6Screen14handleKeyEventEh
                0x08008a3c        0x2 TouchGFX/build/ST/STM32F769I-DISCO/TouchGFX/gui/src/screen1_screen/Screen1View.o
                0x08008a3c                touchgfx::Screen::handleKeyEvent(unsigned char)
 .text._ZN11Screen1ViewD2Ev
                0x08008a3e        0x2 TouchGFX/build/ST/STM32F769I-DISCO/TouchGFX/gui/src/screen1_screen/Screen1View.o
                0x08008a3e                Screen1View::~Screen1View()
                0x08008a3e                Screen1View::~Screen1View()
 .text._ZN11Screen1View14tearDownScreenEv
                0x08008a40        0x2 TouchGFX/build/ST/STM32F769I-DISCO/TouchGFX/gui/src/screen1_screen/Screen1View.o
                0x08008a40                Screen1View::tearDownScreen()
 .text._ZN11Screen1View9updateTxtEi
                0x08008a42        0x2 TouchGFX/build/ST/STM32F769I-DISCO/TouchGFX/gui/src/screen1_screen/Screen1View.o
                0x08008a42                Screen1View::updateTxt(int)
 .text._ZN11Screen1View11setupScreenEv
                0x08008a44       0x5c TouchGFX/build/ST/STM32F769I-DISCO/TouchGFX/gui/src/screen1_screen/Screen1View.o
                0x08008a44                Screen1View::setupScreen()
 .text._ZN11Screen1ViewD0Ev
                0x08008aa0       0x10 TouchGFX/build/ST/STM32F769I-DISCO/TouchGFX/gui/src/screen1_screen/Screen1View.o
                0x08008aa0                Screen1View::~Screen1View()
 .text._ZN11Screen1ViewC2Ev
                0x08008ab0       0x14 TouchGFX/build/ST/STM32F769I-DISCO/TouchGFX/gui/src/screen1_screen/Screen1View.o
                0x08008ab0                Screen1View::Screen1View()
                0x08008ab0                Screen1View::Screen1View()
 .text._ZN5ModelC2Ev
                0x08008ac4        0x6 TouchGFX/build/ST/STM32F769I-DISCO/TouchGFX/gui/src/model/Model.o
                0x08008ac4                Model::Model()
                0x08008ac4                Model::Model()
 .text._ZN5Model4tickEv
                0x08008aca        0x2 TouchGFX/build/ST/STM32F769I-DISCO/TouchGFX/gui/src/model/Model.o
                0x08008aca                Model::tick()
 .text._ZN8touchgfx11Application15appSwitchScreenEh
                0x08008acc        0x2 TouchGFX/build/ST/STM32F769I-DISCO/TouchGFX/gui/src/common/FrontendApplication.o
                0x08008acc                touchgfx::Application::appSwitchScreen(unsigned char)
 .text._ZN19FrontendApplicationD2Ev
                0x08008ace        0x2 TouchGFX/build/ST/STM32F769I-DISCO/TouchGFX/gui/src/common/FrontendApplication.o
                0x08008ace                FrontendApplication::~FrontendApplication()
                0x08008ace                FrontendApplication::~FrontendApplication()
 .text._ZN19FrontendApplicationD0Ev
                0x08008ad0       0x10 TouchGFX/build/ST/STM32F769I-DISCO/TouchGFX/gui/src/common/FrontendApplication.o
                0x08008ad0                FrontendApplication::~FrontendApplication()
 .text._ZN19FrontendApplication15handleTickEventEv
                0x08008ae0       0x16 TouchGFX/build/ST/STM32F769I-DISCO/TouchGFX/gui/src/common/FrontendApplication.o
                0x08008ae0                FrontendApplication::handleTickEvent()
 .text._ZN8touchgfx14MVPApplication29handlePendingScreenTransitionEv
                0x08008af6       0x24 TouchGFX/build/ST/STM32F769I-DISCO/TouchGFX/gui/src/common/FrontendApplication.o
                0x08008af6                touchgfx::MVPApplication::handlePendingScreenTransition()
 *fill*         0x08008b1a        0x2 
 .text._ZN19FrontendApplicationC2ER5ModelR12FrontendHeap
                0x08008b1c       0x14 TouchGFX/build/ST/STM32F769I-DISCO/TouchGFX/gui/src/common/FrontendApplication.o
                0x08008b1c                FrontendApplication::FrontendApplication(Model&, FrontendHeap&)
                0x08008b1c                FrontendApplication::FrontendApplication(Model&, FrontendHeap&)
 .text._ZN8touchgfx8Drawable11setPositionEssss
                0x08008b30       0x28 TouchGFX/build/ST/STM32F769I-DISCO/TouchGFX/generated/gui_generated/src/screen1_screen/Screen1ViewBase.o
                0x08008b30                touchgfx::Drawable::setPosition(short, short, short, short)
 .text._ZN8touchgfx8Drawable4setXEs
                0x08008b58        0x4 TouchGFX/build/ST/STM32F769I-DISCO/TouchGFX/generated/gui_generated/src/screen1_screen/Screen1ViewBase.o
                0x08008b58                touchgfx::Drawable::setX(short)
 .text._ZN8touchgfx8Drawable4setYEs
                0x08008b5c        0x4 TouchGFX/build/ST/STM32F769I-DISCO/TouchGFX/generated/gui_generated/src/screen1_screen/Screen1ViewBase.o
                0x08008b5c                touchgfx::Drawable::setY(short)
 .text._ZN8touchgfx8Drawable5setXYEss
                0x08008b60       0x1a TouchGFX/build/ST/STM32F769I-DISCO/TouchGFX/generated/gui_generated/src/screen1_screen/Screen1ViewBase.o
                0x08008b60                touchgfx::Drawable::setXY(short, short)
 .text._ZN8touchgfx8Drawable8setWidthEs
                0x08008b7a        0x4 TouchGFX/build/ST/STM32F769I-DISCO/TouchGFX/generated/gui_generated/src/screen1_screen/Screen1ViewBase.o
                0x08008b7a                touchgfx::Drawable::setWidth(short)
 .text._ZN8touchgfx8Drawable9setHeightEs
                0x08008b7e        0x4 TouchGFX/build/ST/STM32F769I-DISCO/TouchGFX/generated/gui_generated/src/screen1_screen/Screen1ViewBase.o
                0x08008b7e                touchgfx::Drawable::setHeight(short)
 .text._ZN8touchgfx8Drawable20childGeometryChangedEv
                0x08008b82        0x2 TouchGFX/build/ST/STM32F769I-DISCO/TouchGFX/generated/gui_generated/src/screen1_screen/Screen1ViewBase.o
                0x08008b82                touchgfx::Drawable::childGeometryChanged()
 .text._ZN8touchgfx8Drawable16handleClickEventERKNS_10ClickEventE
                0x08008b84        0x2 TouchGFX/build/ST/STM32F769I-DISCO/TouchGFX/generated/gui_generated/src/screen1_screen/Screen1ViewBase.o
                0x08008b84                touchgfx::Drawable::handleClickEvent(touchgfx::ClickEvent const&)
 .text._ZN8touchgfx8Drawable18handleGestureEventERKNS_12GestureEventE
                0x08008b86        0x2 TouchGFX/build/ST/STM32F769I-DISCO/TouchGFX/generated/gui_generated/src/screen1_screen/Screen1ViewBase.o
                0x08008b86                touchgfx::Drawable::handleGestureEvent(touchgfx::GestureEvent const&)
 .text._ZN8touchgfx8Drawable15handleDragEventERKNS_9DragEventE
                0x08008b88        0x2 TouchGFX/build/ST/STM32F769I-DISCO/TouchGFX/generated/gui_generated/src/screen1_screen/Screen1ViewBase.o
                0x08008b88                touchgfx::Drawable::handleDragEvent(touchgfx::DragEvent const&)
 .text._ZN8touchgfx8Drawable15handleTickEventEv
                0x08008b8a        0x2 TouchGFX/build/ST/STM32F769I-DISCO/TouchGFX/generated/gui_generated/src/screen1_screen/Screen1ViewBase.o
                0x08008b8a                touchgfx::Drawable::handleTickEvent()
 .text._ZN8touchgfx8Drawable6moveToEss
                0x08008b8c       0x18 TouchGFX/build/ST/STM32F769I-DISCO/TouchGFX/generated/gui_generated/src/screen1_screen/Screen1ViewBase.o
                0x08008b8c                touchgfx::Drawable::moveTo(short, short)
 .text._ZN8touchgfx8Drawable14setupDrawChainERKNS_4RectEPPS0_
                0x08008ba4       0x12 TouchGFX/build/ST/STM32F769I-DISCO/TouchGFX/generated/gui_generated/src/screen1_screen/Screen1ViewBase.o
                0x08008ba4                touchgfx::Drawable::setupDrawChain(touchgfx::Rect const&, touchgfx::Drawable**)
 .text._ZN8touchgfx6Screen11setupScreenEv
                0x08008bb6        0x2 TouchGFX/build/ST/STM32F769I-DISCO/TouchGFX/generated/gui_generated/src/screen1_screen/Screen1ViewBase.o
                0x08008bb6                touchgfx::Screen::setupScreen()
 .text._ZN8touchgfx6Screen14tearDownScreenEv
                0x08008bb8        0x2 TouchGFX/build/ST/STM32F769I-DISCO/TouchGFX/generated/gui_generated/src/screen1_screen/Screen1ViewBase.o
                0x08008bb8                touchgfx::Screen::tearDownScreen()
 .text._ZN8touchgfx6Widget12getLastChildEssPPNS_8DrawableE
                0x08008bba       0x10 TouchGFX/build/ST/STM32F769I-DISCO/TouchGFX/generated/gui_generated/src/screen1_screen/Screen1ViewBase.o
                0x08008bba                touchgfx::Widget::getLastChild(short, short, touchgfx::Drawable**)
 .text._ZNK8touchgfx8TextArea12getSolidRectEv
                0x08008bca        0xc TouchGFX/build/ST/STM32F769I-DISCO/TouchGFX/generated/gui_generated/src/screen1_screen/Screen1ViewBase.o
                0x08008bca                touchgfx::TextArea::getSolidRect() const
 .text._ZN8touchgfx8TextArea13setXBaselineYEss
                0x08008bd6       0x1a TouchGFX/build/ST/STM32F769I-DISCO/TouchGFX/generated/gui_generated/src/screen1_screen/Screen1ViewBase.o
                0x08008bd6                touchgfx::TextArea::setXBaselineY(short, short)
 .text._ZNK8touchgfx23TextAreaWithOneWildcard7getTypeEv
                0x08008bf0        0x4 TouchGFX/build/ST/STM32F769I-DISCO/TouchGFX/generated/gui_generated/src/screen1_screen/Screen1ViewBase.o
                0x08008bf0                touchgfx::TextAreaWithOneWildcard::getType() const
 .text._ZN15Screen1ViewBaseD2Ev
                0x08008bf4        0x2 TouchGFX/build/ST/STM32F769I-DISCO/TouchGFX/generated/gui_generated/src/screen1_screen/Screen1ViewBase.o
                0x08008bf4                Screen1ViewBase::~Screen1ViewBase()
                0x08008bf4                Screen1ViewBase::~Screen1ViewBase()
 .text._ZN15Screen1ViewBase11setupScreenEv
                0x08008bf6        0x2 TouchGFX/build/ST/STM32F769I-DISCO/TouchGFX/generated/gui_generated/src/screen1_screen/Screen1ViewBase.o
                0x08008bf6                Screen1ViewBase::setupScreen()
 .text._ZN8touchgfx23TextAreaWithOneWildcardD2Ev
                0x08008bf8        0x2 TouchGFX/build/ST/STM32F769I-DISCO/TouchGFX/generated/gui_generated/src/screen1_screen/Screen1ViewBase.o
                0x08008bf8                touchgfx::TextAreaWithOneWildcard::~TextAreaWithOneWildcard()
                0x08008bf8                touchgfx::TextAreaWithOneWildcard::~TextAreaWithOneWildcard()
 .text._ZN8touchgfx23TextAreaWithOneWildcardD0Ev
                0x08008bfa        0xe TouchGFX/build/ST/STM32F769I-DISCO/TouchGFX/generated/gui_generated/src/screen1_screen/Screen1ViewBase.o
                0x08008bfa                touchgfx::TextAreaWithOneWildcard::~TextAreaWithOneWildcard()
 .text._ZN15Screen1ViewBaseD0Ev
                0x08008c08       0x10 TouchGFX/build/ST/STM32F769I-DISCO/TouchGFX/generated/gui_generated/src/screen1_screen/Screen1ViewBase.o
                0x08008c08                Screen1ViewBase::~Screen1ViewBase()
 .text._ZN8touchgfx8DrawableC2Ev
                0x08008c18       0x2c TouchGFX/build/ST/STM32F769I-DISCO/TouchGFX/generated/gui_generated/src/screen1_screen/Screen1ViewBase.o
                0x08008c18                touchgfx::Drawable::Drawable()
                0x08008c18                touchgfx::Drawable::Drawable()
 .text._ZN8touchgfx3HAL3lcdEv
                0x08008c44       0x18 TouchGFX/build/ST/STM32F769I-DISCO/TouchGFX/generated/gui_generated/src/screen1_screen/Screen1ViewBase.o
                0x08008c44                touchgfx::HAL::lcd()
 .text._ZNK8touchgfx9TypedText11assertValidEv
                0x08008c5c       0x40 TouchGFX/build/ST/STM32F769I-DISCO/TouchGFX/generated/gui_generated/src/screen1_screen/Screen1ViewBase.o
                0x08008c5c                touchgfx::TypedText::assertValid() const
 .text._ZNK8touchgfx9TypedText7getFontEv
                0x08008c9c       0x24 TouchGFX/build/ST/STM32F769I-DISCO/TouchGFX/generated/gui_generated/src/screen1_screen/Screen1ViewBase.o
                0x08008c9c                touchgfx::TypedText::getFont() const
 .text._ZN8touchgfx8TextArea12setBaselineYEs
                0x08008cc0       0x28 TouchGFX/build/ST/STM32F769I-DISCO/TouchGFX/generated/gui_generated/src/screen1_screen/Screen1ViewBase.o
                0x08008cc0                touchgfx::TextArea::setBaselineY(short)
 .text._ZNK8touchgfx9TypedText7getTextEv
                0x08008ce8       0x1c TouchGFX/build/ST/STM32F769I-DISCO/TouchGFX/generated/gui_generated/src/screen1_screen/Screen1ViewBase.o
                0x08008ce8                touchgfx::TypedText::getText() const
 .text._ZN8touchgfx23TextAreaWithOneWildcard13getTextHeightEv
                0x08008d04       0x26 TouchGFX/build/ST/STM32F769I-DISCO/TouchGFX/generated/gui_generated/src/screen1_screen/Screen1ViewBase.o
                0x08008d04                touchgfx::TextAreaWithOneWildcard::getTextHeight()
 *fill*         0x08008d2a        0x2 
 .text._ZNK8touchgfx23TextAreaWithOneWildcard4drawERKNS_4RectE
                0x08008d2c       0xb8 TouchGFX/build/ST/STM32F769I-DISCO/TouchGFX/generated/gui_generated/src/screen1_screen/Screen1ViewBase.o
                0x08008d2c                touchgfx::TextAreaWithOneWildcard::draw(touchgfx::Rect const&) const
 .text._ZNK8touchgfx23TextAreaWithOneWildcard12getTextWidthEv
                0x08008de4       0x58 TouchGFX/build/ST/STM32F769I-DISCO/TouchGFX/generated/gui_generated/src/screen1_screen/Screen1ViewBase.o
                0x08008de4                touchgfx::TextAreaWithOneWildcard::getTextWidth() const
 .text._ZN8touchgfx23TextAreaWithOneWildcardC2Ev
                0x08008e3c       0x34 TouchGFX/build/ST/STM32F769I-DISCO/TouchGFX/generated/gui_generated/src/screen1_screen/Screen1ViewBase.o
                0x08008e3c                touchgfx::TextAreaWithOneWildcard::TextAreaWithOneWildcard()
                0x08008e3c                touchgfx::TextAreaWithOneWildcard::TextAreaWithOneWildcard()
 .text._ZN8touchgfx5Color20getColorFrom24BitRGBEhhh
                0x08008e70       0x3c TouchGFX/build/ST/STM32F769I-DISCO/TouchGFX/generated/gui_generated/src/screen1_screen/Screen1ViewBase.o
                0x08008e70                touchgfx::Color::getColorFrom24BitRGB(unsigned char, unsigned char, unsigned char)
 .text._ZN15Screen1ViewBaseC2Ev
                0x08008eac      0x240 TouchGFX/build/ST/STM32F769I-DISCO/TouchGFX/generated/gui_generated/src/screen1_screen/Screen1ViewBase.o
                0x08008eac                Screen1ViewBase::Screen1ViewBase()
                0x08008eac                Screen1ViewBase::Screen1ViewBase()
 .text._ZN8touchgfx10Transition8tearDownEv
                0x080090ec        0x2 TouchGFX/build/ST/STM32F769I-DISCO/TouchGFX/generated/gui_generated/src/common/FrontendApplicationBase.o
                0x080090ec                touchgfx::Transition::tearDown()
 .text._ZN8touchgfx10Transition4initEv
                0x080090ee        0x2 TouchGFX/build/ST/STM32F769I-DISCO/TouchGFX/generated/gui_generated/src/common/FrontendApplicationBase.o
                0x080090ee                touchgfx::Transition::init()
 .text._ZN8touchgfx10Transition18setScreenContainerERNS_9ContainerE
                0x080090f0        0x4 TouchGFX/build/ST/STM32F769I-DISCO/TouchGFX/generated/gui_generated/src/common/FrontendApplicationBase.o
                0x080090f0                touchgfx::Transition::setScreenContainer(touchgfx::Container&)
 .text._ZN23FrontendApplicationBaseD2Ev
                0x080090f4        0x2 TouchGFX/build/ST/STM32F769I-DISCO/TouchGFX/generated/gui_generated/src/common/FrontendApplicationBase.o
                0x080090f4                FrontendApplicationBase::~FrontendApplicationBase()
                0x080090f4                FrontendApplicationBase::~FrontendApplicationBase()
 .text._ZN8touchgfx12NoTransitionD2Ev
                0x080090f6        0x2 TouchGFX/build/ST/STM32F769I-DISCO/TouchGFX/generated/gui_generated/src/common/FrontendApplicationBase.o
                0x080090f6                touchgfx::NoTransition::~NoTransition()
                0x080090f6                touchgfx::NoTransition::~NoTransition()
 .text._ZN8touchgfx12NoTransition15handleTickEventEv
                0x080090f8        0x6 TouchGFX/build/ST/STM32F769I-DISCO/TouchGFX/generated/gui_generated/src/common/FrontendApplicationBase.o
                0x080090f8                touchgfx::NoTransition::handleTickEvent()
 .text._ZN8touchgfx8CallbackI23FrontendApplicationBasevvvED2Ev
                0x080090fe        0x2 TouchGFX/build/ST/STM32F769I-DISCO/TouchGFX/generated/gui_generated/src/common/FrontendApplicationBase.o
                0x080090fe                touchgfx::Callback<FrontendApplicationBase, void, void, void>::~Callback()
                0x080090fe                touchgfx::Callback<FrontendApplicationBase, void, void, void>::~Callback()
 .text._ZN8touchgfx8CallbackI23FrontendApplicationBasevvvE7executeEv
                0x08009100       0x1a TouchGFX/build/ST/STM32F769I-DISCO/TouchGFX/generated/gui_generated/src/common/FrontendApplicationBase.o
                0x08009100                touchgfx::Callback<FrontendApplicationBase, void, void, void>::execute()
 .text._ZNK8touchgfx8CallbackI23FrontendApplicationBasevvvE7isValidEv
                0x0800911a       0x18 TouchGFX/build/ST/STM32F769I-DISCO/TouchGFX/generated/gui_generated/src/common/FrontendApplicationBase.o
                0x0800911a                touchgfx::Callback<FrontendApplicationBase, void, void, void>::isValid() const
 .text._ZN8touchgfx12NoTransitionD0Ev
                0x08009132        0xe TouchGFX/build/ST/STM32F769I-DISCO/TouchGFX/generated/gui_generated/src/common/FrontendApplicationBase.o
                0x08009132                touchgfx::NoTransition::~NoTransition()
 .text._ZN23FrontendApplicationBaseD0Ev
                0x08009140       0x10 TouchGFX/build/ST/STM32F769I-DISCO/TouchGFX/generated/gui_generated/src/common/FrontendApplicationBase.o
                0x08009140                FrontendApplicationBase::~FrontendApplicationBase()
 .text._ZN8touchgfx8CallbackI23FrontendApplicationBasevvvED0Ev
                0x08009150        0xe TouchGFX/build/ST/STM32F769I-DISCO/TouchGFX/generated/gui_generated/src/common/FrontendApplicationBase.o
                0x08009150                touchgfx::Callback<FrontendApplicationBase, void, void, void>::~Callback()
 *fill*         0x0800915e        0x2 
 .text._ZN23FrontendApplicationBaseC2ER5ModelR12FrontendHeap
                0x08009160       0x60 TouchGFX/build/ST/STM32F769I-DISCO/TouchGFX/generated/gui_generated/src/common/FrontendApplicationBase.o
                0x08009160                FrontendApplicationBase::FrontendApplicationBase(Model&, FrontendHeap&)
                0x08009160                FrontendApplicationBase::FrontendApplicationBase(Model&, FrontendHeap&)
 .text._ZN23FrontendApplicationBase29gotoScreen1ScreenNoTransitionEv
                0x080091c0       0x20 TouchGFX/build/ST/STM32F769I-DISCO/TouchGFX/generated/gui_generated/src/common/FrontendApplicationBase.o
                0x080091c0                FrontendApplicationBase::gotoScreen1ScreenNoTransition()
 .text._ZN8touchgfx14makeTransitionI11Screen1View16Screen1PresenterNS_12NoTransitionE5ModelEEPT0_PPNS_6ScreenEPPNS_9PresenterERNS_7MVPHeapEPPNS_10TransitionEPT2_
                0x080091e0      0x140 TouchGFX/build/ST/STM32F769I-DISCO/TouchGFX/generated/gui_generated/src/common/FrontendApplicationBase.o
                0x080091e0                Screen1Presenter* touchgfx::makeTransition<Screen1View, Screen1Presenter, touchgfx::NoTransition, Model>(touchgfx::Screen**, touchgfx::Presenter**, touchgfx::MVPHeap&, touchgfx::Transition**, Model*)
 .text._ZN23FrontendApplicationBase33gotoScreen1ScreenNoTransitionImplEv
                0x08009320       0x28 TouchGFX/build/ST/STM32F769I-DISCO/TouchGFX/generated/gui_generated/src/common/FrontendApplicationBase.o
                0x08009320                FrontendApplicationBase::gotoScreen1ScreenNoTransitionImpl()
 .text._ZNK8touchgfx4Font8getGlyphEt
                0x08009348       0x18 TouchGFX/build/ST/STM32F769I-DISCO/TouchGFX/generated/fonts/src/GeneratedFont.o
                0x08009348                touchgfx::Font::getGlyph(unsigned short) const
 .text._ZNK8touchgfx4Font15getFallbackCharEv
                0x08009360        0x4 TouchGFX/build/ST/STM32F769I-DISCO/TouchGFX/generated/fonts/src/GeneratedFont.o
                0x08009360                touchgfx::Font::getFallbackChar() const
 .text._ZNK8touchgfx4Font15getEllipsisCharEv
                0x08009364        0x4 TouchGFX/build/ST/STM32F769I-DISCO/TouchGFX/generated/fonts/src/GeneratedFont.o
                0x08009364                touchgfx::Font::getEllipsisChar() const
 .text._ZNK8touchgfx4Font13getFontHeightEv
                0x08009368        0x4 TouchGFX/build/ST/STM32F769I-DISCO/TouchGFX/generated/fonts/src/GeneratedFont.o
                0x08009368                touchgfx::Font::getFontHeight() const
 .text._ZNK8touchgfx4Font20getMinimumTextHeightEv
                0x0800936c        0xa TouchGFX/build/ST/STM32F769I-DISCO/TouchGFX/generated/fonts/src/GeneratedFont.o
                0x0800936c                touchgfx::Font::getMinimumTextHeight() const
 .text._ZNK8touchgfx4Font15getBitsPerPixelEv
                0x08009376        0x8 TouchGFX/build/ST/STM32F769I-DISCO/TouchGFX/generated/fonts/src/GeneratedFont.o
                0x08009376                touchgfx::Font::getBitsPerPixel() const
 .text._ZNK8touchgfx4Font15getDataFormatA4Ev
                0x0800937e        0x6 TouchGFX/build/ST/STM32F769I-DISCO/TouchGFX/generated/fonts/src/GeneratedFont.o
                0x0800937e                touchgfx::Font::getDataFormatA4() const
 .text._ZNK8touchgfx13GeneratedFont12getGSUBTableEv
                0x08009384        0x4 TouchGFX/build/ST/STM32F769I-DISCO/TouchGFX/generated/fonts/src/GeneratedFont.o
                0x08009384                touchgfx::GeneratedFont::getGSUBTable() const
 .text._ZN8touchgfx13GeneratedFontD2Ev
                0x08009388        0x2 TouchGFX/build/ST/STM32F769I-DISCO/TouchGFX/generated/fonts/src/GeneratedFont.o
                0x08009388                touchgfx::GeneratedFont::~GeneratedFont()
                0x08009388                touchgfx::GeneratedFont::~GeneratedFont()
 .text._ZNK8touchgfx13GeneratedFont12getPixelDataEPKNS_9GlyphNodeE
                0x0800938a       0x10 TouchGFX/build/ST/STM32F769I-DISCO/TouchGFX/generated/fonts/src/GeneratedFont.o
                0x0800938a                touchgfx::GeneratedFont::getPixelData(touchgfx::GlyphNode const*) const
 .text._ZNK8touchgfx13GeneratedFont10getKerningEtPKNS_9GlyphNodeE
                0x0800939a       0x3a TouchGFX/build/ST/STM32F769I-DISCO/TouchGFX/generated/fonts/src/GeneratedFont.o
                0x0800939a                touchgfx::GeneratedFont::getKerning(unsigned short, touchgfx::GlyphNode const*) const
 .text._ZN8touchgfx13GeneratedFontD0Ev
                0x080093d4        0xe TouchGFX/build/ST/STM32F769I-DISCO/TouchGFX/generated/fonts/src/GeneratedFont.o
                0x080093d4                touchgfx::GeneratedFont::~GeneratedFont()
 *fill*         0x080093e2        0x2 
 .text._ZN8touchgfx13GeneratedFontC2EPKNS_9GlyphNodeEtthhhhhPKPKhPKNS_11KerningNodeEttPKt
                0x080093e4       0x50 TouchGFX/build/ST/STM32F769I-DISCO/TouchGFX/generated/fonts/src/GeneratedFont.o
                0x080093e4                touchgfx::GeneratedFont::GeneratedFont(touchgfx::GlyphNode const*, unsigned short, unsigned short, unsigned char, unsigned char, unsigned char, unsigned char, unsigned char, unsigned char const* const*, touchgfx::KerningNode const*, unsigned short, unsigned short, unsigned short const*)
                0x080093e4                touchgfx::GeneratedFont::GeneratedFont(touchgfx::GlyphNode const*, unsigned short, unsigned short, unsigned char, unsigned char, unsigned char, unsigned char, unsigned char, unsigned char const* const*, touchgfx::KerningNode const*, unsigned short, unsigned short, unsigned short const*)
 .text._Z23getFont_verdana_10_4bppv
                0x08009434       0x78 TouchGFX/build/ST/STM32F769I-DISCO/TouchGFX/generated/fonts/src/Table_verdana_10_4bpp.o
                0x08009434                getFont_verdana_10_4bpp()
 .text._Z23getFont_verdana_40_4bppv
                0x080094ac       0x78 TouchGFX/build/ST/STM32F769I-DISCO/TouchGFX/generated/fonts/src/Table_verdana_40_4bpp.o
                0x080094ac                getFont_verdana_40_4bpp()
 .text._Z23getFont_verdana_20_4bppv
                0x08009524       0x78 TouchGFX/build/ST/STM32F769I-DISCO/TouchGFX/generated/fonts/src/Table_verdana_20_4bpp.o
                0x08009524                getFont_verdana_20_4bpp()
 .text._ZN23ApplicationFontProviderD2Ev
                0x0800959c        0x2 TouchGFX/build/ST/STM32F769I-DISCO/TouchGFX/generated/fonts/src/ApplicationFontProvider.o
                0x0800959c                ApplicationFontProvider::~ApplicationFontProvider()
                0x0800959c                ApplicationFontProvider::~ApplicationFontProvider()
 .text._ZN23ApplicationFontProviderD0Ev
                0x0800959e        0xe TouchGFX/build/ST/STM32F769I-DISCO/TouchGFX/generated/fonts/src/ApplicationFontProvider.o
                0x0800959e                ApplicationFontProvider::~ApplicationFontProvider()
 .text._ZN23ApplicationFontProvider7getFontEt
                0x080095ac       0x28 TouchGFX/build/ST/STM32F769I-DISCO/TouchGFX/generated/fonts/src/ApplicationFontProvider.o
                0x080095ac                ApplicationFontProvider::getFont(unsigned short)
 .text._ZN14BitmapDatabase11getInstanceEv
                0x080095d4        0x8 TouchGFX/build/ST/STM32F769I-DISCO/TouchGFX/generated/images/src/BitmapDatabase.o
                0x080095d4                BitmapDatabase::getInstance()
 .text._ZN14BitmapDatabase15getInstanceSizeEv
                0x080095dc        0x4 TouchGFX/build/ST/STM32F769I-DISCO/TouchGFX/generated/images/src/BitmapDatabase.o
                0x080095dc                BitmapDatabase::getInstanceSize()
 .text._ZN17TypedTextDatabase15getInstanceSizeEv
                0x080095e0        0x4 TouchGFX/build/ST/STM32F769I-DISCO/TouchGFX/generated/texts/src/TypedTextDatabase.o
                0x080095e0                TypedTextDatabase::getInstanceSize()
 .text._ZN17TypedTextDatabase8getFontsEv
                0x080095e4        0x8 TouchGFX/build/ST/STM32F769I-DISCO/TouchGFX/generated/texts/src/TypedTextDatabase.o
                0x080095e4                TypedTextDatabase::getFonts()
 .text.startup._GLOBAL__sub_I__fonts
                0x080095ec       0x1c TouchGFX/build/ST/STM32F769I-DISCO/TouchGFX/generated/texts/src/TypedTextDatabase.o
 .text._ZN8touchgfx5Texts11setLanguageEt
                0x08009608       0x74 TouchGFX/build/ST/STM32F769I-DISCO/TouchGFX/generated/texts/src/Texts.o
                0x08009608                touchgfx::Texts::setLanguage(unsigned short)
 .text._ZNK8touchgfx5Texts7getTextEt
                0x0800967c       0x1c TouchGFX/build/ST/STM32F769I-DISCO/TouchGFX/generated/texts/src/Texts.o
                0x0800967c                touchgfx::Texts::getText(unsigned short) const
 .text._ZL12IdleTaskHookPv
                0x08009698       0x18 TouchGFX/build/ST/STM32F769I-DISCO/touchgfx/os/OSWrappers.o
 .text._ZN8touchgfx10OSWrappers10initializeEv
                0x080096b0       0x34 TouchGFX/build/ST/STM32F769I-DISCO/touchgfx/os/OSWrappers.o
                0x080096b0                touchgfx::OSWrappers::initialize()
 .text._ZN8touchgfx10OSWrappers24takeFrameBufferSemaphoreEv
                0x080096e4       0x14 TouchGFX/build/ST/STM32F769I-DISCO/touchgfx/os/OSWrappers.o
                0x080096e4                touchgfx::OSWrappers::takeFrameBufferSemaphore()
 .text._ZN8touchgfx10OSWrappers24giveFrameBufferSemaphoreEv
                0x080096f8       0x14 TouchGFX/build/ST/STM32F769I-DISCO/touchgfx/os/OSWrappers.o
                0x080096f8                touchgfx::OSWrappers::giveFrameBufferSemaphore()
 .text._ZN8touchgfx10OSWrappers27tryTakeFrameBufferSemaphoreEv
                0x0800970c       0x14 TouchGFX/build/ST/STM32F769I-DISCO/touchgfx/os/OSWrappers.o
                0x0800970c                touchgfx::OSWrappers::tryTakeFrameBufferSemaphore()
 .text._ZN8touchgfx10OSWrappers31giveFrameBufferSemaphoreFromISREv
                0x08009720       0x34 TouchGFX/build/ST/STM32F769I-DISCO/touchgfx/os/OSWrappers.o
                0x08009720                touchgfx::OSWrappers::giveFrameBufferSemaphoreFromISR()
 .text._ZN8touchgfx10OSWrappers11signalVSyncEv
                0x08009754       0x3c TouchGFX/build/ST/STM32F769I-DISCO/touchgfx/os/OSWrappers.o
                0x08009754                touchgfx::OSWrappers::signalVSync()
 .text._ZN8touchgfx10OSWrappers12waitForVSyncEv
                0x08009790       0x2c TouchGFX/build/ST/STM32F769I-DISCO/touchgfx/os/OSWrappers.o
                0x08009790                touchgfx::OSWrappers::waitForVSync()
 .text.vApplicationStackOverflowHook
                0x080097bc        0x2 TouchGFX/build/ST/STM32F769I-DISCO/touchgfx/os/OSWrappers.o
                0x080097bc                vApplicationStackOverflowHook
 .text.vApplicationMallocFailedHook
                0x080097be        0x2 TouchGFX/build/ST/STM32F769I-DISCO/touchgfx/os/OSWrappers.o
                0x080097be                vApplicationMallocFailedHook
 .text.vApplicationIdleHook
                0x080097c0        0xc TouchGFX/build/ST/STM32F769I-DISCO/touchgfx/os/OSWrappers.o
                0x080097c0                vApplicationIdleHook
 .text._Z16StartDefaultTaskPKv
                0x080097cc        0xe TouchGFX/build/ST/STM32F769I-DISCO/Core/Src/main.o
                0x080097cc                StartDefaultTask(void const*)
 *fill*         0x080097da        0x2 
 .text.SystemClock_Config
                0x080097dc       0xd8 TouchGFX/build/ST/STM32F769I-DISCO/Core/Src/main.o
                0x080097dc                SystemClock_Config
 .text.startup.main
                0x080098b4      0x594 TouchGFX/build/ST/STM32F769I-DISCO/Core/Src/main.o
                0x080098b4                main
 .text.HAL_TIM_PeriodElapsedCallback
                0x08009e48       0x14 TouchGFX/build/ST/STM32F769I-DISCO/Core/Src/main.o
                0x08009e48                HAL_TIM_PeriodElapsedCallback
 .text.Error_Handler
                0x08009e5c        0x2 TouchGFX/build/ST/STM32F769I-DISCO/Core/Src/main.o
                0x08009e5c                Error_Handler
 .text._ZN8touchgfx18MCUInstrumentation13getCCConsumedEv
                0x08009e5e        0x4 TouchGFX/build/ST/STM32F769I-DISCO/TouchGFX/target/STM32F7Instrumentation.o
                0x08009e5e                touchgfx::MCUInstrumentation::getCCConsumed()
 .text._ZN8touchgfx18MCUInstrumentation13setCCConsumedEm
                0x08009e62        0x4 TouchGFX/build/ST/STM32F769I-DISCO/TouchGFX/target/STM32F7Instrumentation.o
                0x08009e62                touchgfx::MCUInstrumentation::setCCConsumed(unsigned long)
 .text._ZN8touchgfx22STM32F7Instrumentation12getElapsedUSEjjj
                0x08009e66        0xc TouchGFX/build/ST/STM32F769I-DISCO/TouchGFX/target/STM32F7Instrumentation.o
                0x08009e66                touchgfx::STM32F7Instrumentation::getElapsedUS(unsigned int, unsigned int, unsigned int)
 *fill*         0x08009e72        0x2 
 .text._ZN8touchgfx22STM32F7Instrumentation12getCPUCyclesEv
                0x08009e74       0x10 TouchGFX/build/ST/STM32F769I-DISCO/TouchGFX/target/STM32F7Instrumentation.o
                0x08009e74                touchgfx::STM32F7Instrumentation::getCPUCycles()
 .text._ZN8touchgfx22STM32F7InstrumentationD2Ev
                0x08009e84        0x2 TouchGFX/build/ST/STM32F769I-DISCO/TouchGFX/target/STM32F7Instrumentation.o
                0x08009e84                touchgfx::STM32F7Instrumentation::~STM32F7Instrumentation()
                0x08009e84                touchgfx::STM32F7Instrumentation::~STM32F7Instrumentation()
 *fill*         0x08009e86        0x2 
 .text._ZN8touchgfx22STM32F7Instrumentation4initEv
                0x08009e88       0xb0 TouchGFX/build/ST/STM32F769I-DISCO/TouchGFX/target/STM32F7Instrumentation.o
                0x08009e88                touchgfx::STM32F7Instrumentation::init()
 .text._ZN8touchgfx22STM32F7InstrumentationD0Ev
                0x08009f38        0xe TouchGFX/build/ST/STM32F769I-DISCO/TouchGFX/target/STM32F7Instrumentation.o
                0x08009f38                touchgfx::STM32F7Instrumentation::~STM32F7Instrumentation()
 .text._ZN8touchgfx22STM32F7Instrumentation12setMCUActiveEb
                0x08009f46       0x1e TouchGFX/build/ST/STM32F769I-DISCO/TouchGFX/target/STM32F7Instrumentation.o
                0x08009f46                touchgfx::STM32F7Instrumentation::setMCUActive(bool)
 .text._ZN22OTM8009TouchControllerD2Ev
                0x08009f64        0x2 TouchGFX/build/ST/STM32F769I-DISCO/TouchGFX/target/OTM8009TouchController.o
                0x08009f64                OTM8009TouchController::~OTM8009TouchController()
                0x08009f64                OTM8009TouchController::~OTM8009TouchController()
 .text._ZN22OTM8009TouchController4initEv
                0x08009f66       0x18 TouchGFX/build/ST/STM32F769I-DISCO/TouchGFX/target/OTM8009TouchController.o
                0x08009f66                OTM8009TouchController::init()
 .text._ZN22OTM8009TouchController11sampleTouchERlS0_
                0x08009f7e       0x26 TouchGFX/build/ST/STM32F769I-DISCO/TouchGFX/target/OTM8009TouchController.o
                0x08009f7e                OTM8009TouchController::sampleTouch(long&, long&)
 .text._ZN22OTM8009TouchControllerD0Ev
                0x08009fa4        0xe TouchGFX/build/ST/STM32F769I-DISCO/TouchGFX/target/OTM8009TouchController.o
                0x08009fa4                OTM8009TouchController::~OTM8009TouchController()
 .text._ZN8touchgfx13DMA_Interface5flushEv
                0x08009fb2        0x6 TouchGFX/build/ST/STM32F769I-DISCO/TouchGFX/target/STM32F7DMA.o
                0x08009fb2                touchgfx::DMA_Interface::flush()
 .text._ZN8touchgfx13DMA_Interface10getDMATypeEv
                0x08009fb8        0x4 TouchGFX/build/ST/STM32F769I-DISCO/TouchGFX/target/STM32F7DMA.o
                0x08009fb8                touchgfx::DMA_Interface::getDMAType()
 .text._ZN10STM32F7DMA18signalDMAInterruptEv
                0x08009fbc        0x6 TouchGFX/build/ST/STM32F769I-DISCO/TouchGFX/target/STM32F7DMA.o
                0x08009fbc                STM32F7DMA::signalDMAInterrupt()
 .text.DMA2D_XferErrorCallback
                0x08009fc2        0x2 TouchGFX/build/ST/STM32F769I-DISCO/TouchGFX/target/STM32F7DMA.o
 .text._ZN10STM32F7DMA11getBlitCapsEv
                0x08009fc4       0x14 TouchGFX/build/ST/STM32F769I-DISCO/TouchGFX/target/STM32F7DMA.o
                0x08009fc4                STM32F7DMA::getBlitCaps()
 .text._ZN10STM32F7DMA5startEv
                0x08009fd8        0x4 TouchGFX/build/ST/STM32F769I-DISCO/TouchGFX/target/STM32F7DMA.o
                0x08009fd8                STM32F7DMA::start()
 .text._ZN10STM32F7DMAD2Ev
                0x08009fdc       0x28 TouchGFX/build/ST/STM32F769I-DISCO/TouchGFX/target/STM32F7DMA.o
                0x08009fdc                STM32F7DMA::~STM32F7DMA()
                0x08009fdc                STM32F7DMA::~STM32F7DMA()
 .text._ZN10STM32F7DMAD0Ev
                0x0800a004       0x16 TouchGFX/build/ST/STM32F769I-DISCO/TouchGFX/target/STM32F7DMA.o
                0x0800a004                STM32F7DMA::~STM32F7DMA()
 *fill*         0x0800a01a        0x2 
 .text._ZN10STM32F7DMA10initializeEv
                0x0800a01c       0x34 TouchGFX/build/ST/STM32F769I-DISCO/TouchGFX/target/STM32F7DMA.o
                0x0800a01c                STM32F7DMA::initialize()
 .text.DMA2D_XferCpltCallback
                0x0800a050       0x10 TouchGFX/build/ST/STM32F769I-DISCO/TouchGFX/target/STM32F7DMA.o
 .text._ZN10STM32F7DMA13setupDataCopyERKN8touchgfx6BlitOpE
                0x0800a060      0x1a4 TouchGFX/build/ST/STM32F769I-DISCO/TouchGFX/target/STM32F7DMA.o
                0x0800a060                STM32F7DMA::setupDataCopy(touchgfx::BlitOp const&)
 .text._ZN10STM32F7DMA13setupDataFillERKN8touchgfx6BlitOpE
                0x0800a204      0x108 TouchGFX/build/ST/STM32F769I-DISCO/TouchGFX/target/STM32F7DMA.o
                0x0800a204                STM32F7DMA::setupDataFill(touchgfx::BlitOp const&)
 .text._ZN10STM32F7DMAC2Ev
                0x0800a30c       0x34 TouchGFX/build/ST/STM32F769I-DISCO/TouchGFX/target/STM32F7DMA.o
                0x0800a30c                STM32F7DMA::STM32F7DMA()
                0x0800a30c                STM32F7DMA::STM32F7DMA()
 .text._ZN8touchgfx3HAL21setDisplayOrientationENS_18DisplayOrientationE
                0x0800a340        0xc TouchGFX/build/ST/STM32F769I-DISCO/TouchGFX/target/STM32F7HAL_DSI.o
                0x0800a340                touchgfx::HAL::setDisplayOrientation(touchgfx::DisplayOrientation)
 .text._ZN8touchgfx3HAL11getBlitCapsEv
                0x0800a34c        0x8 TouchGFX/build/ST/STM32F769I-DISCO/TouchGFX/target/STM32F7HAL_DSI.o
                0x0800a34c                touchgfx::HAL::getBlitCaps()
 .text._ZN8touchgfx3HAL9sampleKeyERh
                0x0800a354        0x4 TouchGFX/build/ST/STM32F769I-DISCO/TouchGFX/target/STM32F7HAL_DSI.o
                0x0800a354                touchgfx::HAL::sampleKey(unsigned char&)
 .text._ZN8touchgfx3HAL9taskDelayEt
                0x0800a358        0xa TouchGFX/build/ST/STM32F769I-DISCO/TouchGFX/target/STM32F7HAL_DSI.o
                0x0800a358                touchgfx::HAL::taskDelay(unsigned short)
 .text._ZN8touchgfx3HAL17getTFTCurrentLineEv
                0x0800a362        0x6 TouchGFX/build/ST/STM32F769I-DISCO/TouchGFX/target/STM32F7HAL_DSI.o
                0x0800a362                touchgfx::HAL::getTFTCurrentLine()
 .text._ZN8touchgfx3HAL10getDMATypeEv
                0x0800a368        0x8 TouchGFX/build/ST/STM32F769I-DISCO/TouchGFX/target/STM32F7HAL_DSI.o
                0x0800a368                touchgfx::HAL::getDMAType()
 .text._ZNK14STM32F7HAL_DSI17getTFTFrameBufferEv
                0x0800a370        0xc TouchGFX/build/ST/STM32F769I-DISCO/TouchGFX/target/STM32F7HAL_DSI.o
                0x0800a370                STM32F7HAL_DSI::getTFTFrameBuffer() const
 .text._ZN14STM32F7HAL_DSI19configureInterruptsEv
                0x0800a37c       0x14 TouchGFX/build/ST/STM32F769I-DISCO/TouchGFX/target/STM32F7HAL_DSI.o
                0x0800a37c                STM32F7HAL_DSI::configureInterrupts()
 .text._ZN14STM32F7HAL_DSI17disableInterruptsEv
                0x0800a390       0x18 TouchGFX/build/ST/STM32F769I-DISCO/TouchGFX/target/STM32F7HAL_DSI.o
                0x0800a390                STM32F7HAL_DSI::disableInterrupts()
 .text._ZN14STM32F7HAL_DSI16enableInterruptsEv
                0x0800a3a8       0x14 TouchGFX/build/ST/STM32F769I-DISCO/TouchGFX/target/STM32F7HAL_DSI.o
                0x0800a3a8                STM32F7HAL_DSI::enableInterrupts()
 .text._ZN14STM32F7HAL_DSID2Ev
                0x0800a3bc        0x2 TouchGFX/build/ST/STM32F769I-DISCO/TouchGFX/target/STM32F7HAL_DSI.o
                0x0800a3bc                STM32F7HAL_DSI::~STM32F7HAL_DSI()
                0x0800a3bc                STM32F7HAL_DSI::~STM32F7HAL_DSI()
 *fill*         0x0800a3be        0x2 
 .text._ZN8touchgfx3HAL28setFrameBufferStartAddressesEPvS1_S1_
                0x0800a3c0       0x44 TouchGFX/build/ST/STM32F769I-DISCO/TouchGFX/target/STM32F7HAL_DSI.o
                0x0800a3c0                touchgfx::HAL::setFrameBufferStartAddresses(void*, void*, void*)
 .text._ZN14STM32F7HAL_DSI28enableLCDControllerInterruptEv
                0x0800a404       0x40 TouchGFX/build/ST/STM32F769I-DISCO/TouchGFX/target/STM32F7HAL_DSI.o
                0x0800a404                STM32F7HAL_DSI::enableLCDControllerInterrupt()
 .text._ZN14STM32F7HAL_DSI10beginFrameEv
                0x0800a444       0x10 TouchGFX/build/ST/STM32F769I-DISCO/TouchGFX/target/STM32F7HAL_DSI.o
                0x0800a444                STM32F7HAL_DSI::beginFrame()
 .text._ZN14STM32F7HAL_DSI8endFrameEv
                0x0800a454       0x1c TouchGFX/build/ST/STM32F769I-DISCO/TouchGFX/target/STM32F7HAL_DSI.o
                0x0800a454                STM32F7HAL_DSI::endFrame()
 .text._ZN8touchgfx3HAL15backPorchExitedEv
                0x0800a470       0x16 TouchGFX/build/ST/STM32F769I-DISCO/TouchGFX/target/STM32F7HAL_DSI.o
                0x0800a470                touchgfx::HAL::backPorchExited()
 .text._ZN14STM32F7HAL_DSID0Ev
                0x0800a486        0xe TouchGFX/build/ST/STM32F769I-DISCO/TouchGFX/target/STM32F7HAL_DSI.o
                0x0800a486                STM32F7HAL_DSI::~STM32F7HAL_DSI()
 .text._ZN8touchgfx3HAL31performDisplayOrientationChangeEv
                0x0800a494       0x60 TouchGFX/build/ST/STM32F769I-DISCO/TouchGFX/target/STM32F7HAL_DSI.o
                0x0800a494                touchgfx::HAL::performDisplayOrientationChange()
 .text._ZN14STM32F7HAL_DSI17setTFTFrameBufferEPt
                0x0800a4f4       0x48 TouchGFX/build/ST/STM32F769I-DISCO/TouchGFX/target/STM32F7HAL_DSI.o
                0x0800a4f4                STM32F7HAL_DSI::setTFTFrameBuffer(unsigned short*)
 .text._ZN8touchgfx3HAL17frontPorchEnteredEv
                0x0800a53c        0x6 TouchGFX/build/ST/STM32F769I-DISCO/TouchGFX/target/STM32F7HAL_DSI.o
                0x0800a53c                touchgfx::HAL::frontPorchEntered()
 *fill*         0x0800a542        0x2 
 .text._ZN8touchgfx3HAL26setFrameBufferStartAddressEPvtbb
                0x0800a544       0x90 TouchGFX/build/ST/STM32F769I-DISCO/TouchGFX/target/STM32F7HAL_DSI.o
                0x0800a544                touchgfx::HAL::setFrameBufferStartAddress(void*, unsigned short, bool, bool)
 .text._ZN14STM32F7HAL_DSI26setFrameBufferStartAddressEPvtbb
                0x0800a5d4       0x28 TouchGFX/build/ST/STM32F769I-DISCO/TouchGFX/target/STM32F7HAL_DSI.o
                0x0800a5d4                STM32F7HAL_DSI::setFrameBufferStartAddress(void*, unsigned short, bool, bool)
 .text.HAL_DSI_TearingEffectCallback
                0x0800a5fc       0x90 TouchGFX/build/ST/STM32F769I-DISCO/TouchGFX/target/STM32F7HAL_DSI.o
                0x0800a5fc                HAL_DSI_TearingEffectCallback
 .text.HAL_DSI_EndOfRefreshCallback
                0x0800a68c      0x12c TouchGFX/build/ST/STM32F769I-DISCO/TouchGFX/target/STM32F7HAL_DSI.o
                0x0800a68c                HAL_DSI_EndOfRefreshCallback
 .text._ZN8touchgfx4GPIO4initEv
                0x0800a7b8        0x2 TouchGFX/build/ST/STM32F769I-DISCO/TouchGFX/target/GPIO.o
                0x0800a7b8                touchgfx::GPIO::init()
 .text._ZN8touchgfx4GPIO3setENS0_7GPIO_IDE
                0x0800a7ba        0x2 TouchGFX/build/ST/STM32F769I-DISCO/TouchGFX/target/GPIO.o
                0x0800a7ba                touchgfx::GPIO::set(touchgfx::GPIO::GPIO_ID)
 .text._ZN8touchgfx4GPIO5clearENS0_7GPIO_IDE
                0x0800a7bc        0x2 TouchGFX/build/ST/STM32F769I-DISCO/TouchGFX/target/GPIO.o
                0x0800a7bc                touchgfx::GPIO::clear(touchgfx::GPIO::GPIO_ID)
 .text._ZN8touchgfx4GPIO6toggleENS0_7GPIO_IDE
                0x0800a7be        0x2 TouchGFX/build/ST/STM32F769I-DISCO/TouchGFX/target/GPIO.o
                0x0800a7be                touchgfx::GPIO::toggle(touchgfx::GPIO::GPIO_ID)
 .text._Z11MX_LCD_Initv
                0x0800a7c0       0xb8 TouchGFX/build/ST/STM32F769I-DISCO/TouchGFX/target/HW_Init.o
                0x0800a7c0                MX_LCD_Init()
 .text._Z11MX_FMC_Initv
                0x0800a878       0x60 TouchGFX/build/ST/STM32F769I-DISCO/TouchGFX/target/HW_Init.o
                0x0800a878                MX_FMC_Init()
 .text._Z15MX_SDRAM_InitExv
                0x0800a8d8       0x98 TouchGFX/build/ST/STM32F769I-DISCO/TouchGFX/target/HW_Init.o
                0x0800a8d8                MX_SDRAM_InitEx()
 .text._Z11MX_DSI_Initv
                0x0800a970      0x190 TouchGFX/build/ST/STM32F769I-DISCO/TouchGFX/target/HW_Init.o
                0x0800a970                MX_DSI_Init()
 .text.HAL_LTDC_MspInit
                0x0800ab00       0x3c TouchGFX/build/ST/STM32F769I-DISCO/TouchGFX/target/HW_Init.o
                0x0800ab00                HAL_LTDC_MspInit
 .text.HAL_LTDC_MspDeInit
                0x0800ab3c       0x24 TouchGFX/build/ST/STM32F769I-DISCO/TouchGFX/target/HW_Init.o
                0x0800ab3c                HAL_LTDC_MspDeInit
 .text.HAL_DSI_MspInit
                0x0800ab60       0x58 TouchGFX/build/ST/STM32F769I-DISCO/TouchGFX/target/HW_Init.o
                0x0800ab60                HAL_DSI_MspInit
 .text.HAL_DMA2D_MspInit
                0x0800abb8       0x3c TouchGFX/build/ST/STM32F769I-DISCO/TouchGFX/target/HW_Init.o
                0x0800abb8                HAL_DMA2D_MspInit
 .text.HAL_DMA2D_MspDeInit
                0x0800abf4       0x24 TouchGFX/build/ST/STM32F769I-DISCO/TouchGFX/target/HW_Init.o
                0x0800abf4                HAL_DMA2D_MspDeInit
 .text.HAL_SDRAM_MspInit
                0x0800ac18       0xd4 TouchGFX/build/ST/STM32F769I-DISCO/TouchGFX/target/HW_Init.o
                0x0800ac18                HAL_SDRAM_MspInit
 .text._ZN8touchgfx8LCD24bppD2Ev
                0x0800acec        0x2 TouchGFX/build/ST/STM32F769I-DISCO/TouchGFX/target/BoardConfiguration.o
                0x0800acec                touchgfx::LCD24bpp::~LCD24bpp()
                0x0800acec                touchgfx::LCD24bpp::~LCD24bpp()
 .text._ZNK8touchgfx9PartitionINS_4meta8TypeListINS_12NoTransitionENS2_INS1_3NilES4_EEEELt1EE8capacityEv
                0x0800acee        0x4 TouchGFX/build/ST/STM32F769I-DISCO/TouchGFX/target/BoardConfiguration.o
                0x0800acee                touchgfx::Partition<touchgfx::meta::TypeList<touchgfx::NoTransition, touchgfx::meta::TypeList<touchgfx::meta::Nil, touchgfx::meta::Nil> >, (unsigned short)1>::capacity() const
 .text._ZN8touchgfx9PartitionINS_4meta8TypeListINS_12NoTransitionENS2_INS1_3NilES4_EEEELt1EE12element_sizeEv
                0x0800acf2        0x4 TouchGFX/build/ST/STM32F769I-DISCO/TouchGFX/target/BoardConfiguration.o
                0x0800acf2                touchgfx::Partition<touchgfx::meta::TypeList<touchgfx::NoTransition, touchgfx::meta::TypeList<touchgfx::meta::Nil, touchgfx::meta::Nil> >, (unsigned short)1>::element_size()
 .text._ZN8touchgfx9PartitionINS_4meta8TypeListINS_12NoTransitionENS2_INS1_3NilES4_EEEELt1EE7elementEt
                0x0800acf6        0xa TouchGFX/build/ST/STM32F769I-DISCO/TouchGFX/target/BoardConfiguration.o
                0x0800acf6                touchgfx::Partition<touchgfx::meta::TypeList<touchgfx::NoTransition, touchgfx::meta::TypeList<touchgfx::meta::Nil, touchgfx::meta::Nil> >, (unsigned short)1>::element(unsigned short)
 .text._ZNK8touchgfx9PartitionINS_4meta8TypeListINS_12NoTransitionENS2_INS1_3NilES4_EEEELt1EE7elementEt
                0x0800ad00        0xa TouchGFX/build/ST/STM32F769I-DISCO/TouchGFX/target/BoardConfiguration.o
                0x0800ad00                touchgfx::Partition<touchgfx::meta::TypeList<touchgfx::NoTransition, touchgfx::meta::TypeList<touchgfx::meta::Nil, touchgfx::meta::Nil> >, (unsigned short)1>::element(unsigned short) const
 .text._ZNK8touchgfx9PartitionINS_4meta8TypeListI11Screen1ViewNS2_INS1_3NilES4_EEEELt1EE8capacityEv
                0x0800ad0a        0x4 TouchGFX/build/ST/STM32F769I-DISCO/TouchGFX/target/BoardConfiguration.o
                0x0800ad0a                touchgfx::Partition<touchgfx::meta::TypeList<Screen1View, touchgfx::meta::TypeList<touchgfx::meta::Nil, touchgfx::meta::Nil> >, (unsigned short)1>::capacity() const
 .text._ZN8touchgfx9PartitionINS_4meta8TypeListI11Screen1ViewNS2_INS1_3NilES4_EEEELt1EE12element_sizeEv
                0x0800ad0e        0x6 TouchGFX/build/ST/STM32F769I-DISCO/TouchGFX/target/BoardConfiguration.o
                0x0800ad0e                touchgfx::Partition<touchgfx::meta::TypeList<Screen1View, touchgfx::meta::TypeList<touchgfx::meta::Nil, touchgfx::meta::Nil> >, (unsigned short)1>::element_size()
 .text._ZN8touchgfx9PartitionINS_4meta8TypeListI11Screen1ViewNS2_INS1_3NilES4_EEEELt1EE7elementEt
                0x0800ad14        0xc TouchGFX/build/ST/STM32F769I-DISCO/TouchGFX/target/BoardConfiguration.o
                0x0800ad14                touchgfx::Partition<touchgfx::meta::TypeList<Screen1View, touchgfx::meta::TypeList<touchgfx::meta::Nil, touchgfx::meta::Nil> >, (unsigned short)1>::element(unsigned short)
 .text._ZNK8touchgfx9PartitionINS_4meta8TypeListI11Screen1ViewNS2_INS1_3NilES4_EEEELt1EE7elementEt
                0x0800ad20        0xc TouchGFX/build/ST/STM32F769I-DISCO/TouchGFX/target/BoardConfiguration.o
                0x0800ad20                touchgfx::Partition<touchgfx::meta::TypeList<Screen1View, touchgfx::meta::TypeList<touchgfx::meta::Nil, touchgfx::meta::Nil> >, (unsigned short)1>::element(unsigned short) const
 .text._ZNK8touchgfx9PartitionINS_4meta8TypeListI16Screen1PresenterNS2_INS1_3NilES4_EEEELt1EE8capacityEv
                0x0800ad2c        0x4 TouchGFX/build/ST/STM32F769I-DISCO/TouchGFX/target/BoardConfiguration.o
                0x0800ad2c                touchgfx::Partition<touchgfx::meta::TypeList<Screen1Presenter, touchgfx::meta::TypeList<touchgfx::meta::Nil, touchgfx::meta::Nil> >, (unsigned short)1>::capacity() const
 .text._ZN8touchgfx9PartitionINS_4meta8TypeListI16Screen1PresenterNS2_INS1_3NilES4_EEEELt1EE12element_sizeEv
                0x0800ad30        0x4 TouchGFX/build/ST/STM32F769I-DISCO/TouchGFX/target/BoardConfiguration.o
                0x0800ad30                touchgfx::Partition<touchgfx::meta::TypeList<Screen1Presenter, touchgfx::meta::TypeList<touchgfx::meta::Nil, touchgfx::meta::Nil> >, (unsigned short)1>::element_size()
 .text._ZN8touchgfx9PartitionINS_4meta8TypeListI16Screen1PresenterNS2_INS1_3NilES4_EEEELt1EE7elementEt
                0x0800ad34        0x8 TouchGFX/build/ST/STM32F769I-DISCO/TouchGFX/target/BoardConfiguration.o
                0x0800ad34                touchgfx::Partition<touchgfx::meta::TypeList<Screen1Presenter, touchgfx::meta::TypeList<touchgfx::meta::Nil, touchgfx::meta::Nil> >, (unsigned short)1>::element(unsigned short)
 .text._ZNK8touchgfx9PartitionINS_4meta8TypeListI16Screen1PresenterNS2_INS1_3NilES4_EEEELt1EE7elementEt
                0x0800ad3c        0x8 TouchGFX/build/ST/STM32F769I-DISCO/TouchGFX/target/BoardConfiguration.o
                0x0800ad3c                touchgfx::Partition<touchgfx::meta::TypeList<Screen1Presenter, touchgfx::meta::TypeList<touchgfx::meta::Nil, touchgfx::meta::Nil> >, (unsigned short)1>::element(unsigned short) const
 .text._ZN16FrontendHeapBase15gotoStartScreenER19FrontendApplication
                0x0800ad44        0x6 TouchGFX/build/ST/STM32F769I-DISCO/TouchGFX/target/BoardConfiguration.o
                0x0800ad44                FrontendHeapBase::gotoStartScreen(FrontendApplication&)
 *fill*         0x0800ad4a        0x2 
 .text._ZN8touchgfx9PartitionINS_4meta8TypeListINS_12NoTransitionENS2_INS1_3NilES4_EEEELt1EED2Ev
                0x0800ad4c       0x14 TouchGFX/build/ST/STM32F769I-DISCO/TouchGFX/target/BoardConfiguration.o
                0x0800ad4c                touchgfx::Partition<touchgfx::meta::TypeList<touchgfx::NoTransition, touchgfx::meta::TypeList<touchgfx::meta::Nil, touchgfx::meta::Nil> >, (unsigned short)1>::~Partition()
                0x0800ad4c                touchgfx::Partition<touchgfx::meta::TypeList<touchgfx::NoTransition, touchgfx::meta::TypeList<touchgfx::meta::Nil, touchgfx::meta::Nil> >, (unsigned short)1>::~Partition()
 .text._ZN8touchgfx9PartitionINS_4meta8TypeListINS_12NoTransitionENS2_INS1_3NilES4_EEEELt1EED0Ev
                0x0800ad60       0x14 TouchGFX/build/ST/STM32F769I-DISCO/TouchGFX/target/BoardConfiguration.o
                0x0800ad60                touchgfx::Partition<touchgfx::meta::TypeList<touchgfx::NoTransition, touchgfx::meta::TypeList<touchgfx::meta::Nil, touchgfx::meta::Nil> >, (unsigned short)1>::~Partition()
 .text._ZN8touchgfx9PartitionINS_4meta8TypeListI11Screen1ViewNS2_INS1_3NilES4_EEEELt1EED2Ev
                0x0800ad74       0x14 TouchGFX/build/ST/STM32F769I-DISCO/TouchGFX/target/BoardConfiguration.o
                0x0800ad74                touchgfx::Partition<touchgfx::meta::TypeList<Screen1View, touchgfx::meta::TypeList<touchgfx::meta::Nil, touchgfx::meta::Nil> >, (unsigned short)1>::~Partition()
                0x0800ad74                touchgfx::Partition<touchgfx::meta::TypeList<Screen1View, touchgfx::meta::TypeList<touchgfx::meta::Nil, touchgfx::meta::Nil> >, (unsigned short)1>::~Partition()
 .text._ZN8touchgfx9PartitionINS_4meta8TypeListI11Screen1ViewNS2_INS1_3NilES4_EEEELt1EED0Ev
                0x0800ad88       0x16 TouchGFX/build/ST/STM32F769I-DISCO/TouchGFX/target/BoardConfiguration.o
                0x0800ad88                touchgfx::Partition<touchgfx::meta::TypeList<Screen1View, touchgfx::meta::TypeList<touchgfx::meta::Nil, touchgfx::meta::Nil> >, (unsigned short)1>::~Partition()
 *fill*         0x0800ad9e        0x2 
 .text._ZN8touchgfx9PartitionINS_4meta8TypeListI16Screen1PresenterNS2_INS1_3NilES4_EEEELt1EED2Ev
                0x0800ada0       0x14 TouchGFX/build/ST/STM32F769I-DISCO/TouchGFX/target/BoardConfiguration.o
                0x0800ada0                touchgfx::Partition<touchgfx::meta::TypeList<Screen1Presenter, touchgfx::meta::TypeList<touchgfx::meta::Nil, touchgfx::meta::Nil> >, (unsigned short)1>::~Partition()
                0x0800ada0                touchgfx::Partition<touchgfx::meta::TypeList<Screen1Presenter, touchgfx::meta::TypeList<touchgfx::meta::Nil, touchgfx::meta::Nil> >, (unsigned short)1>::~Partition()
 .text._ZN8touchgfx9PartitionINS_4meta8TypeListI16Screen1PresenterNS2_INS1_3NilES4_EEEELt1EED0Ev
                0x0800adb4       0x14 TouchGFX/build/ST/STM32F769I-DISCO/TouchGFX/target/BoardConfiguration.o
                0x0800adb4                touchgfx::Partition<touchgfx::meta::TypeList<Screen1Presenter, touchgfx::meta::TypeList<touchgfx::meta::Nil, touchgfx::meta::Nil> >, (unsigned short)1>::~Partition()
 .text._ZN12FrontendHeapD2Ev
                0x0800adc8       0x28 TouchGFX/build/ST/STM32F769I-DISCO/TouchGFX/target/BoardConfiguration.o
                0x0800adc8                FrontendHeap::~FrontendHeap()
                0x0800adc8                FrontendHeap::~FrontendHeap()
 .text._ZN12FrontendHeapD0Ev
                0x0800adf0       0x16 TouchGFX/build/ST/STM32F769I-DISCO/TouchGFX/target/BoardConfiguration.o
                0x0800adf0                FrontendHeap::~FrontendHeap()
 .text._ZN8touchgfx8LCD24bppD0Ev
                0x0800ae06        0xe TouchGFX/build/ST/STM32F769I-DISCO/TouchGFX/target/BoardConfiguration.o
                0x0800ae06                touchgfx::LCD24bpp::~LCD24bpp()
 .text.LCD_GetXSize
                0x0800ae14        0x6 TouchGFX/build/ST/STM32F769I-DISCO/TouchGFX/target/BoardConfiguration.o
                0x0800ae14                LCD_GetXSize
 .text.LCD_GetYSize
                0x0800ae1a        0x6 TouchGFX/build/ST/STM32F769I-DISCO/TouchGFX/target/BoardConfiguration.o
                0x0800ae1a                LCD_GetYSize
 .text.DSI_IO_WriteCmd
                0x0800ae20       0x34 TouchGFX/build/ST/STM32F769I-DISCO/TouchGFX/target/BoardConfiguration.o
                0x0800ae20                DSI_IO_WriteCmd
 .text.LCD_ReqTear
                0x0800ae54       0x3c TouchGFX/build/ST/STM32F769I-DISCO/TouchGFX/target/BoardConfiguration.o
                0x0800ae54                LCD_ReqTear
 .text.LCD_SetUpdateRegion
                0x0800ae90       0x28 TouchGFX/build/ST/STM32F769I-DISCO/TouchGFX/target/BoardConfiguration.o
                0x0800ae90                LCD_SetUpdateRegion
 .text.LCD_SetUpdateRegionLeft
                0x0800aeb8       0x24 TouchGFX/build/ST/STM32F769I-DISCO/TouchGFX/target/BoardConfiguration.o
                0x0800aeb8                LCD_SetUpdateRegionLeft
 .text.LCD_SetUpdateRegionRight
                0x0800aedc       0x24 TouchGFX/build/ST/STM32F769I-DISCO/TouchGFX/target/BoardConfiguration.o
                0x0800aedc                LCD_SetUpdateRegionRight
 .text._Z16GRAPHICS_HW_Initv
                0x0800af00       0x84 TouchGFX/build/ST/STM32F769I-DISCO/TouchGFX/target/BoardConfiguration.o
                0x0800af00                GRAPHICS_HW_Init()
 .text._Z17GRAPHICS_MainTaskv
                0x0800af84       0x10 TouchGFX/build/ST/STM32F769I-DISCO/TouchGFX/target/BoardConfiguration.o
                0x0800af84                GRAPHICS_MainTask()
 .text._ZN8touchgfx21touchgfx_generic_initI14STM32F7HAL_DSIEERNS_3HALERNS_13DMA_InterfaceERNS_3LCDERNS_15TouchControllerEssPtmm
                0x0800af94      0x1f4 TouchGFX/build/ST/STM32F769I-DISCO/TouchGFX/target/BoardConfiguration.o
                0x0800af94                touchgfx::HAL& touchgfx::touchgfx_generic_init<STM32F7HAL_DSI>(touchgfx::DMA_Interface&, touchgfx::LCD&, touchgfx::TouchController&, short, short, unsigned short*, unsigned long, unsigned long)
 .text._ZN8touchgfx13touchgfx_initEv
                0x0800b188       0x68 TouchGFX/build/ST/STM32F769I-DISCO/TouchGFX/target/BoardConfiguration.o
                0x0800b188                touchgfx::touchgfx_init()
 .text._Z13GRAPHICS_Initv
                0x0800b1f0        0x4 TouchGFX/build/ST/STM32F769I-DISCO/TouchGFX/target/BoardConfiguration.o
                0x0800b1f0                GRAPHICS_Init()
 .text.startup._GLOBAL__sub_I_LCD_GetXSize
                0x0800b1f4       0x84 TouchGFX/build/ST/STM32F769I-DISCO/TouchGFX/target/BoardConfiguration.o
 .text.vListInitialise
                0x0800b278       0x16 TouchGFX/build/ST/STM32F769I-DISCO/Middlewares/Third_Party/FreeRTOS/Source/list.o
                0x0800b278                vListInitialise
 .text.vListInitialiseItem
                0x0800b28e        0x6 TouchGFX/build/ST/STM32F769I-DISCO/Middlewares/Third_Party/FreeRTOS/Source/list.o
                0x0800b28e                vListInitialiseItem
 .text.vListInsertEnd
                0x0800b294       0x18 TouchGFX/build/ST/STM32F769I-DISCO/Middlewares/Third_Party/FreeRTOS/Source/list.o
                0x0800b294                vListInsertEnd
 .text.vListInsert
                0x0800b2ac       0x2e TouchGFX/build/ST/STM32F769I-DISCO/Middlewares/Third_Party/FreeRTOS/Source/list.o
                0x0800b2ac                vListInsert
 .text.uxListRemove
                0x0800b2da       0x24 TouchGFX/build/ST/STM32F769I-DISCO/Middlewares/Third_Party/FreeRTOS/Source/list.o
                0x0800b2da                uxListRemove
 .text.unlikely.prvCopyDataToQueue
                0x0800b2fe       0x66 TouchGFX/build/ST/STM32F769I-DISCO/Middlewares/Third_Party/FreeRTOS/Source/queue.o
 .text.unlikely.prvCopyDataFromQueue
                0x0800b364       0x2a TouchGFX/build/ST/STM32F769I-DISCO/Middlewares/Third_Party/FreeRTOS/Source/queue.o
 .text.prvUnlockQueue
                0x0800b38e       0x70 TouchGFX/build/ST/STM32F769I-DISCO/Middlewares/Third_Party/FreeRTOS/Source/queue.o
 *fill*         0x0800b3fe        0x2 
 .text.xQueueGenericReset
                0x0800b400       0x84 TouchGFX/build/ST/STM32F769I-DISCO/Middlewares/Third_Party/FreeRTOS/Source/queue.o
                0x0800b400                xQueueGenericReset
 .text.xQueueGenericCreate
                0x0800b484       0x46 TouchGFX/build/ST/STM32F769I-DISCO/Middlewares/Third_Party/FreeRTOS/Source/queue.o
                0x0800b484                xQueueGenericCreate
 *fill*         0x0800b4ca        0x2 
 .text.xQueueGenericSend
                0x0800b4cc      0x17c TouchGFX/build/ST/STM32F769I-DISCO/Middlewares/Third_Party/FreeRTOS/Source/queue.o
                0x0800b4cc                xQueueGenericSend
 .text.xQueueGenericSendFromISR
                0x0800b648       0xd4 TouchGFX/build/ST/STM32F769I-DISCO/Middlewares/Third_Party/FreeRTOS/Source/queue.o
                0x0800b648                xQueueGenericSendFromISR
 .text.xQueueGiveFromISR
                0x0800b71c       0xba TouchGFX/build/ST/STM32F769I-DISCO/Middlewares/Third_Party/FreeRTOS/Source/queue.o
                0x0800b71c                xQueueGiveFromISR
 *fill*         0x0800b7d6        0x2 
 .text.xQueueGenericReceive
                0x0800b7d8      0x194 TouchGFX/build/ST/STM32F769I-DISCO/Middlewares/Third_Party/FreeRTOS/Source/queue.o
                0x0800b7d8                xQueueGenericReceive
 .text.prvResetNextTaskUnblockTime
                0x0800b96c       0x24 TouchGFX/build/ST/STM32F769I-DISCO/Middlewares/Third_Party/FreeRTOS/Source/tasks.o
 .text.prvAddCurrentTaskToDelayedList
                0x0800b990       0x8c TouchGFX/build/ST/STM32F769I-DISCO/Middlewares/Third_Party/FreeRTOS/Source/tasks.o
 .text.vTaskSetTimeOutState.part.4
                0x0800ba1c       0x16 TouchGFX/build/ST/STM32F769I-DISCO/Middlewares/Third_Party/FreeRTOS/Source/tasks.o
 *fill*         0x0800ba32        0x2 
 .text.xTaskCreate
                0x0800ba34      0x1b0 TouchGFX/build/ST/STM32F769I-DISCO/Middlewares/Third_Party/FreeRTOS/Source/tasks.o
                0x0800ba34                xTaskCreate
 .text.vTaskStartScheduler
                0x0800bbe4       0x80 TouchGFX/build/ST/STM32F769I-DISCO/Middlewares/Third_Party/FreeRTOS/Source/tasks.o
                0x0800bbe4                vTaskStartScheduler
 .text.vTaskSuspendAll
                0x0800bc64       0x10 TouchGFX/build/ST/STM32F769I-DISCO/Middlewares/Third_Party/FreeRTOS/Source/tasks.o
                0x0800bc64                vTaskSuspendAll
 .text.xTaskIncrementTick
                0x0800bc74      0x128 TouchGFX/build/ST/STM32F769I-DISCO/Middlewares/Third_Party/FreeRTOS/Source/tasks.o
                0x0800bc74                xTaskIncrementTick
 .text.xTaskResumeAll
                0x0800bd9c       0xf4 TouchGFX/build/ST/STM32F769I-DISCO/Middlewares/Third_Party/FreeRTOS/Source/tasks.o
                0x0800bd9c                xTaskResumeAll
 .text.vTaskDelay
                0x0800be90       0x4c TouchGFX/build/ST/STM32F769I-DISCO/Middlewares/Third_Party/FreeRTOS/Source/tasks.o
                0x0800be90                vTaskDelay
 .text.prvIdleTask
                0x0800bedc       0x78 TouchGFX/build/ST/STM32F769I-DISCO/Middlewares/Third_Party/FreeRTOS/Source/tasks.o
 .text.vTaskSetApplicationTaskTag
                0x0800bf54       0x20 TouchGFX/build/ST/STM32F769I-DISCO/Middlewares/Third_Party/FreeRTOS/Source/tasks.o
                0x0800bf54                vTaskSetApplicationTaskTag
 .text.vTaskSwitchContext
                0x0800bf74       0xa8 TouchGFX/build/ST/STM32F769I-DISCO/Middlewares/Third_Party/FreeRTOS/Source/tasks.o
                0x0800bf74                vTaskSwitchContext
 .text.vTaskPlaceOnEventList
                0x0800c01c       0x38 TouchGFX/build/ST/STM32F769I-DISCO/Middlewares/Third_Party/FreeRTOS/Source/tasks.o
                0x0800c01c                vTaskPlaceOnEventList
 .text.xTaskRemoveFromEventList
                0x0800c054       0x88 TouchGFX/build/ST/STM32F769I-DISCO/Middlewares/Third_Party/FreeRTOS/Source/tasks.o
                0x0800c054                xTaskRemoveFromEventList
 .text.vTaskSetTimeOutState
                0x0800c0dc       0x20 TouchGFX/build/ST/STM32F769I-DISCO/Middlewares/Third_Party/FreeRTOS/Source/tasks.o
                0x0800c0dc                vTaskSetTimeOutState
 .text.xTaskCheckForTimeOut
                0x0800c0fc       0x7c TouchGFX/build/ST/STM32F769I-DISCO/Middlewares/Third_Party/FreeRTOS/Source/tasks.o
                0x0800c0fc                xTaskCheckForTimeOut
 .text.vTaskMissedYield
                0x0800c178        0xc TouchGFX/build/ST/STM32F769I-DISCO/Middlewares/Third_Party/FreeRTOS/Source/tasks.o
                0x0800c178                vTaskMissedYield
 .text.xTaskGetSchedulerState
                0x0800c184       0x20 TouchGFX/build/ST/STM32F769I-DISCO/Middlewares/Third_Party/FreeRTOS/Source/tasks.o
                0x0800c184                xTaskGetSchedulerState
 .text.vTaskPriorityInherit
                0x0800c1a4       0x8c TouchGFX/build/ST/STM32F769I-DISCO/Middlewares/Third_Party/FreeRTOS/Source/tasks.o
                0x0800c1a4                vTaskPriorityInherit
 .text.xTaskPriorityDisinherit
                0x0800c230       0xa8 TouchGFX/build/ST/STM32F769I-DISCO/Middlewares/Third_Party/FreeRTOS/Source/tasks.o
                0x0800c230                xTaskPriorityDisinherit
 .text.pvTaskIncrementMutexHeldCount
                0x0800c2d8       0x18 TouchGFX/build/ST/STM32F769I-DISCO/Middlewares/Third_Party/FreeRTOS/Source/tasks.o
                0x0800c2d8                pvTaskIncrementMutexHeldCount
 .text.pvPortMalloc
                0x0800c2f0       0xbc TouchGFX/build/ST/STM32F769I-DISCO/Middlewares/Third_Party/FreeRTOS/Source/portable/MemMang/heap_2.o
                0x0800c2f0                pvPortMalloc
 .text.vPortFree
                0x0800c3ac       0x44 TouchGFX/build/ST/STM32F769I-DISCO/Middlewares/Third_Party/FreeRTOS/Source/portable/MemMang/heap_2.o
                0x0800c3ac                vPortFree
 .text.prvTaskExitError
                0x0800c3f0       0x38 TouchGFX/build/ST/STM32F769I-DISCO/Middlewares/Third_Party/FreeRTOS/Source/portable/GCC/ARM_CM7/r0p1/port.o
 .text.prvPortStartFirstTask
                0x0800c428       0x20 TouchGFX/build/ST/STM32F769I-DISCO/Middlewares/Third_Party/FreeRTOS/Source/portable/GCC/ARM_CM7/r0p1/port.o
 .text.vPortEnableVFP
                0x0800c448       0x14 TouchGFX/build/ST/STM32F769I-DISCO/Middlewares/Third_Party/FreeRTOS/Source/portable/GCC/ARM_CM7/r0p1/port.o
 .text.pxPortInitialiseStack
                0x0800c45c       0x24 TouchGFX/build/ST/STM32F769I-DISCO/Middlewares/Third_Party/FreeRTOS/Source/portable/GCC/ARM_CM7/r0p1/port.o
                0x0800c45c                pxPortInitialiseStack
 .text.SVC_Handler
                0x0800c480       0x24 TouchGFX/build/ST/STM32F769I-DISCO/Middlewares/Third_Party/FreeRTOS/Source/portable/GCC/ARM_CM7/r0p1/port.o
                0x0800c480                SVC_Handler
 .text.vPortEnterCritical
                0x0800c4a4       0x4c TouchGFX/build/ST/STM32F769I-DISCO/Middlewares/Third_Party/FreeRTOS/Source/portable/GCC/ARM_CM7/r0p1/port.o
                0x0800c4a4                vPortEnterCritical
 .text.vPortExitCritical
                0x0800c4f0       0x2c TouchGFX/build/ST/STM32F769I-DISCO/Middlewares/Third_Party/FreeRTOS/Source/portable/GCC/ARM_CM7/r0p1/port.o
                0x0800c4f0                vPortExitCritical
 *fill*         0x0800c51c        0x4 
 .text.PendSV_Handler
                0x0800c520       0x64 TouchGFX/build/ST/STM32F769I-DISCO/Middlewares/Third_Party/FreeRTOS/Source/portable/GCC/ARM_CM7/r0p1/port.o
                0x0800c520                PendSV_Handler
 .text.SysTick_Handler
                0x0800c584       0x30 TouchGFX/build/ST/STM32F769I-DISCO/Middlewares/Third_Party/FreeRTOS/Source/portable/GCC/ARM_CM7/r0p1/port.o
                0x0800c584                SysTick_Handler
 .text.vPortSetupTimerInterrupt
                0x0800c5b4       0x28 TouchGFX/build/ST/STM32F769I-DISCO/Middlewares/Third_Party/FreeRTOS/Source/portable/GCC/ARM_CM7/r0p1/port.o
                0x0800c5b4                vPortSetupTimerInterrupt
 .text.xPortStartScheduler
                0x0800c5dc       0xa8 TouchGFX/build/ST/STM32F769I-DISCO/Middlewares/Third_Party/FreeRTOS/Source/portable/GCC/ARM_CM7/r0p1/port.o
                0x0800c5dc                xPortStartScheduler
 .text.vPortValidateInterruptPriority
                0x0800c684       0x64 TouchGFX/build/ST/STM32F769I-DISCO/Middlewares/Third_Party/FreeRTOS/Source/portable/GCC/ARM_CM7/r0p1/port.o
                0x0800c684                vPortValidateInterruptPriority
 .text.I2Cx_Init
                0x0800c6e8      0x168 TouchGFX/build/ST/STM32F769I-DISCO/Drivers/BSP/STM32F769I-Discovery/stm32f769i_discovery.o
 .text.I2Cx_WriteMultiple
                0x0800c850       0x30 TouchGFX/build/ST/STM32F769I-DISCO/Drivers/BSP/STM32F769I-Discovery/stm32f769i_discovery.o
 .text.I2Cx_ReadMultiple
                0x0800c880       0x30 TouchGFX/build/ST/STM32F769I-DISCO/Drivers/BSP/STM32F769I-Discovery/stm32f769i_discovery.o
 .text.TS_IO_ReadMultiple
                0x0800c8b0       0x1c TouchGFX/build/ST/STM32F769I-DISCO/Drivers/BSP/STM32F769I-Discovery/stm32f769i_discovery.o
                0x0800c8b0                TS_IO_ReadMultiple
 .text.OTM8009A_IO_Delay
                0x0800c8cc        0x4 TouchGFX/build/ST/STM32F769I-DISCO/Drivers/BSP/STM32F769I-Discovery/stm32f769i_discovery.o
                0x0800c8cc                OTM8009A_IO_Delay
 .text.HDMI_IO_Init
                0x0800c8d0        0xc TouchGFX/build/ST/STM32F769I-DISCO/Drivers/BSP/STM32F769I-Discovery/stm32f769i_discovery.o
                0x0800c8d0                HDMI_IO_Init
 .text.TS_IO_Init
                0x0800c8dc        0x4 TouchGFX/build/ST/STM32F769I-DISCO/Drivers/BSP/STM32F769I-Discovery/stm32f769i_discovery.o
                0x0800c8dc                TS_IO_Init
 .text.HDMI_IO_Write
                0x0800c8e0       0x20 TouchGFX/build/ST/STM32F769I-DISCO/Drivers/BSP/STM32F769I-Discovery/stm32f769i_discovery.o
                0x0800c8e0                HDMI_IO_Write
 .text.TS_IO_Write
                0x0800c900        0x4 TouchGFX/build/ST/STM32F769I-DISCO/Drivers/BSP/STM32F769I-Discovery/stm32f769i_discovery.o
                0x0800c900                TS_IO_Write
 .text.HDMI_IO_Read
                0x0800c904       0x28 TouchGFX/build/ST/STM32F769I-DISCO/Drivers/BSP/STM32F769I-Discovery/stm32f769i_discovery.o
                0x0800c904                HDMI_IO_Read
 .text.TS_IO_Read
                0x0800c92c        0x4 TouchGFX/build/ST/STM32F769I-DISCO/Drivers/BSP/STM32F769I-Discovery/stm32f769i_discovery.o
                0x0800c92c                TS_IO_Read
 .text.BSP_TS_Init
                0x0800c930       0x70 TouchGFX/build/ST/STM32F769I-DISCO/Drivers/BSP/STM32F769I-Discovery/stm32f769i_discovery_ts.o
                0x0800c930                BSP_TS_Init
 .text.BSP_TS_GetState
                0x0800c9a0       0xf0 TouchGFX/build/ST/STM32F769I-DISCO/Drivers/BSP/STM32F769I-Discovery/stm32f769i_discovery_ts.o
                0x0800c9a0                BSP_TS_GetState
 .text.QSPI_AutoPollingMemReady.constprop.4
                0x0800ca90       0x54 TouchGFX/build/ST/STM32F769I-DISCO/Drivers/BSP/STM32F769I-Discovery/stm32f769i_discovery_qspi.o
 .text.QSPI_WriteEnable.constprop.7
                0x0800cae4       0x70 TouchGFX/build/ST/STM32F769I-DISCO/Drivers/BSP/STM32F769I-Discovery/stm32f769i_discovery_qspi.o
 .text.BSP_QSPI_EnableMemoryMappedMode
                0x0800cb54       0x50 TouchGFX/build/ST/STM32F769I-DISCO/Drivers/BSP/STM32F769I-Discovery/stm32f769i_discovery_qspi.o
                0x0800cb54                BSP_QSPI_EnableMemoryMappedMode
 .text.BSP_QSPI_MspInit
                0x0800cba4      0x128 TouchGFX/build/ST/STM32F769I-DISCO/Drivers/BSP/STM32F769I-Discovery/stm32f769i_discovery_qspi.o
                0x0800cba4                BSP_QSPI_MspInit
 .text.BSP_QSPI_Init
                0x0800cccc      0x45c TouchGFX/build/ST/STM32F769I-DISCO/Drivers/BSP/STM32F769I-Discovery/stm32f769i_discovery_qspi.o
                0x0800cccc                BSP_QSPI_Init
 .text.OTM8009A_Init
                0x0800d128      0x498 TouchGFX/build/ST/STM32F769I-DISCO/Drivers/BSP/Components/otm8009a/otm8009a.o
                0x0800d128                OTM8009A_Init
 .text.ft6x06_TS_ITStatus
                0x0800d5c0        0x4 TouchGFX/build/ST/STM32F769I-DISCO/Drivers/BSP/Components/ft6x06/ft6x06.o
                0x0800d5c0                ft6x06_TS_ITStatus
 .text.ft6x06_TS_ClearIT
                0x0800d5c4        0x2 TouchGFX/build/ST/STM32F769I-DISCO/Drivers/BSP/Components/ft6x06/ft6x06.o
                0x0800d5c4                ft6x06_TS_ClearIT
 .text.ft6x06_ReadID
                0x0800d5c6       0x12 TouchGFX/build/ST/STM32F769I-DISCO/Drivers/BSP/Components/ft6x06/ft6x06.o
                0x0800d5c6                ft6x06_ReadID
 .text.ft6x06_TS_DetectTouch
                0x0800d5d8       0x44 TouchGFX/build/ST/STM32F769I-DISCO/Drivers/BSP/Components/ft6x06/ft6x06.o
                0x0800d5d8                ft6x06_TS_DetectTouch
 .text.ft6x06_TS_GetXY
                0x0800d61c       0x5c TouchGFX/build/ST/STM32F769I-DISCO/Drivers/BSP/Components/ft6x06/ft6x06.o
                0x0800d61c                ft6x06_TS_GetXY
 .text.ft6x06_TS_EnableIT
                0x0800d678        0xa TouchGFX/build/ST/STM32F769I-DISCO/Drivers/BSP/Components/ft6x06/ft6x06.o
                0x0800d678                ft6x06_TS_EnableIT
 .text.ft6x06_TS_DisableIT
                0x0800d682        0xa TouchGFX/build/ST/STM32F769I-DISCO/Drivers/BSP/Components/ft6x06/ft6x06.o
                0x0800d682                ft6x06_TS_DisableIT
 .text.ft6x06_TS_Start
                0x0800d68c        0x4 TouchGFX/build/ST/STM32F769I-DISCO/Drivers/BSP/Components/ft6x06/ft6x06.o
                0x0800d68c                ft6x06_TS_Start
 .text.ft6x06_Reset
                0x0800d690        0x2 TouchGFX/build/ST/STM32F769I-DISCO/Drivers/BSP/Components/ft6x06/ft6x06.o
                0x0800d690                ft6x06_Reset
 *fill*         0x0800d692        0x2 
 .text.ft6x06_Init
                0x0800d694       0x28 TouchGFX/build/ST/STM32F769I-DISCO/Drivers/BSP/Components/ft6x06/ft6x06.o
                0x0800d694                ft6x06_Init
 .text.HAL_Init
                0x0800d6bc       0x16 TouchGFX/build/ST/STM32F769I-DISCO/Drivers/STM32F7xx_HAL_Driver/Src/stm32f7xx_hal.o
                0x0800d6bc                HAL_Init
 *fill*         0x0800d6d2        0x2 
 .text.HAL_IncTick
                0x0800d6d4       0x18 TouchGFX/build/ST/STM32F769I-DISCO/Drivers/STM32F7xx_HAL_Driver/Src/stm32f7xx_hal.o
                0x0800d6d4                HAL_IncTick
 .text.HAL_GetTick